Product: MDK-ARM Professional 5.10
Component: ARM Compiler 5.04 update 1 (build 49)
Tool: armlink [5040049]

==============================================================================

Section Cross References

    system_stm32f10x.o(.text) refers to system_stm32f10x.o(.data) for SystemCoreClock
    stm32f10x_rcc.o(.text) refers to stm32f10x_rcc.o(.data) for APBAHBPrescTable
    stm32f10x_gpio.o(.text) refers to stm32f10x_rcc.o(.text) for RCC_APB2PeriphResetCmd
    stm32f10x_usart.o(.text) refers to stm32f10x_rcc.o(.text) for RCC_APB2PeriphResetCmd
    startup_stm32f10x_md.o(STACK) refers (Special) to heapauxi.o(.text) for __use_two_region_memory
    startup_stm32f10x_md.o(HEAP) refers (Special) to heapauxi.o(.text) for __use_two_region_memory
    startup_stm32f10x_md.o(RESET) refers (Special) to heapauxi.o(.text) for __use_two_region_memory
    startup_stm32f10x_md.o(RESET) refers to startup_stm32f10x_md.o(STACK) for __initial_sp
    startup_stm32f10x_md.o(RESET) refers to startup_stm32f10x_md.o(.text) for Reset_Handler
    startup_stm32f10x_md.o(RESET) refers to stm32f10x_it.o(.text) for NMI_Handler
    startup_stm32f10x_md.o(RESET) refers to usart.o(.text) for USART1_IRQHandler
    startup_stm32f10x_md.o(.text) refers (Special) to heapauxi.o(.text) for __use_two_region_memory
    startup_stm32f10x_md.o(.text) refers to system_stm32f10x.o(.text) for SystemInit
    startup_stm32f10x_md.o(.text) refers to __main.o(!!!main) for __main
    startup_stm32f10x_md.o(.text) refers to startup_stm32f10x_md.o(HEAP) for Heap_Mem
    startup_stm32f10x_md.o(.text) refers to startup_stm32f10x_md.o(STACK) for Stack_Mem
    main.o(.text) refers to stm32f10x_rcc.o(.text) for RCC_APB2PeriphClockCmd
    main.o(.text) refers to stm32f10x_gpio.o(.text) for GPIO_PinRemapConfig
    main.o(.text) refers to delay.o(.text) for delay_init
    main.o(.text) refers to usart.o(.text) for uart_init
    main.o(.text) refers to noretval__2printf.o(.text) for __2printf
    main.o(.text) refers to ds1302.o(.text) for DS1302_GPIOINIT
    main.o(.text) refers to key.o(.text) for KEY_Init
    main.o(.text) refers to lcd12864.o(.text) for LCD_Init
    main.o(.text) refers to menu.o(.text) for Locate
    main.o(.text) refers to menu.o(.data) for m0_main
    delay.o(.text) refers to misc.o(.text) for SysTick_CLKSourceConfig
    delay.o(.text) refers to system_stm32f10x.o(.data) for SystemCoreClock
    delay.o(.text) refers to delay.o(.data) for fac_us
    sys.o(.text) refers to misc.o(.text) for NVIC_PriorityGroupConfig
    usart.o(.text) refers (Special) to use_no_semi_2.o(.text) for __use_no_semihosting
    usart.o(.text) refers to stm32f10x_rcc.o(.text) for RCC_APB2PeriphClockCmd
    usart.o(.text) refers to stm32f10x_usart.o(.text) for USART_DeInit
    usart.o(.text) refers to stm32f10x_gpio.o(.text) for GPIO_Init
    usart.o(.text) refers to misc.o(.text) for NVIC_Init
    usart.o(.text) refers to usart.o(.data) for USART_RX_STA
    usart.o(.text) refers to usart.o(.bss) for USART_RX_BUF
    usart.o(.bss) refers (Special) to use_no_semi_2.o(.text) for __use_no_semihosting
    usart.o(.data) refers (Special) to use_no_semi_2.o(.text) for __use_no_semihosting
    st5767.o(.text) refers to stm32f10x_rcc.o(.text) for RCC_APB2PeriphClockCmd
    st5767.o(.text) refers to stm32f10x_gpio.o(.text) for GPIO_Init
    st5767.o(.text) refers to delay.o(.text) for delay_ms
    st5767.o(.text) refers to st5767.o(.data) for CN16CHAR
    lcd12864.o(.text) refers to stm32f10x_gpio.o(.text) for GPIO_WriteBit
    lcd12864.o(.text) refers to stm32f10x_rcc.o(.text) for RCC_APB2PeriphClockCmd
    lcd12864.o(.text) refers to lcd12864.o(.data) for xUpdateMin
    lcd12864.o(.text) refers to st5767.o(.data) for CN16CHAR
    key.o(.text) refers to stm32f10x_rcc.o(.text) for RCC_APB2PeriphClockCmd
    key.o(.text) refers to stm32f10x_gpio.o(.text) for GPIO_Init
    key.o(.text) refers to delay.o(.text) for delay_ms
    menu.o(.text) refers to _printf_percent.o(.ARM.Collect$$_printf_percent$$00000000) for _printf_percent
    menu.o(.text) refers to _printf_f.o(.ARM.Collect$$_printf_percent$$00000003) for _printf_f
    menu.o(.text) refers to printf1.o(x$fpl$printf1) for _printf_fp_dec
    menu.o(.text) refers to _printf_d.o(.ARM.Collect$$_printf_percent$$00000009) for _printf_d
    menu.o(.text) refers to _printf_dec.o(.text) for _printf_int_dec
    menu.o(.text) refers to lcd12864.o(.text) for LCD_ClearScreen_
    menu.o(.text) refers to key.o(.text) for keyscan
    menu.o(.text) refers to ds1302.o(.text) for readtime
    menu.o(.text) refers to rt_memclr_w.o(.text) for __aeabi_memclr4
    menu.o(.text) refers to f2d.o(x$fpl$f2d) for __aeabi_f2d
    menu.o(.text) refers to noretval__2sprintf.o(.text) for __2sprintf
    menu.o(.text) refers to delay.o(.text) for delay_ms
    menu.o(.text) refers to st5767.o(.text) for LCD12864_ClearScreen_
    menu.o(.text) refers to ds18b20.o(.text) for DS18B20_Init
    menu.o(.text) refers to fflt_clz.o(x$fpl$fflt) for __aeabi_i2f
[...]
    rtexit.o(.ARM.Collect$$rtexit$$00000000) refers (Special) to rtexit2.o(.ARM.Collect$$rtexit$$00000003) for __rt_exit_ls
    rtexit.o(.ARM.Collect$$rtexit$$00000000) refers (Special) to rtexit2.o(.ARM.Collect$$rtexit$$00000002) for __rt_exit_prels_1
    rtexit.o(.ARM.exidx) refers (Special) to rtexit2.o(.ARM.Collect$$rtexit$$00000004) for __rt_exit_exit
    rtexit.o(.ARM.exidx) refers (Special) to rtexit2.o(.ARM.Collect$$rtexit$$00000003) for __rt_exit_ls
    rtexit.o(.ARM.exidx) refers (Special) to rtexit2.o(.ARM.Collect$$rtexit$$00000002) for __rt_exit_prels_1
    rtexit.o(.ARM.exidx) refers to rtexit.o(.ARM.Collect$$rtexit$$00000000) for .ARM.Collect$$rtexit$$00000000
    argv_veneer.o(.emb_text) refers to no_argv.o(.text) for __ARM_get_argv
    rtexit2.o(.ARM.Collect$$rtexit$$00000003) refers to libshutdown.o(.ARM.Collect$$libshutdown$$00000000) for __rt_lib_shutdown
    rtexit2.o(.ARM.Collect$$rtexit$$00000004) refers to usart.o(.text) for _sys_exit
    rtexit2.o(.ARM.exidx) refers to rtexit2.o(.ARM.Collect$$rtexit$$00000001) for .ARM.Collect$$rtexit$$00000001
    rtexit2.o(.ARM.exidx) refers to rtexit2.o(.ARM.Collect$$rtexit$$00000003) for .ARM.Collect$$rtexit$$00000003
    rtexit2.o(.ARM.exidx) refers to rtexit2.o(.ARM.Collect$$rtexit$$00000004) for .ARM.Collect$$rtexit$$00000004
    _get_argv_nomalloc.o(.text) refers (Special) to hrguard.o(.text) for __heap_region$guard
    _get_argv_nomalloc.o(.text) refers to defsig_rtmem_outer.o(.text) for __rt_SIGRTMEM
    _get_argv_nomalloc.o(.text) refers to sys_command.o(.text) for _sys_command_string
    sys_command.o(.text) refers (Special) to use_no_semi.o(.text) for __I$use$semihosting
    sys_command.o(.text) refers (Special) to indicate_semi.o(.text) for __semihosting_library_function
    defsig_rtmem_outer.o(.text) refers to defsig_rtmem_inner.o(.text) for __rt_SIGRTMEM_inner
    defsig_rtmem_outer.o(.text) refers to defsig_exit.o(.text) for __sig_exit
    defsig_rtmem_formal.o(.text) refers to rt_raise.o(.text) for __rt_raise
    libshutdown.o(.ARM.Collect$$libshutdown$$00000000) refers (Special) to libshutdown2.o(.ARM.Collect$$libshutdown$$00000006) for __rt_lib_shutdown_fp_trap_1
    libshutdown.o(.ARM.Collect$$libshutdown$$00000000) refers (Special) to libshutdown2.o(.ARM.Collect$$libshutdown$$0000000E) for __rt_lib_shutdown_heap_1
    libshutdown.o(.ARM.Collect$$libshutdown$$00000000) refers (Special) to libshutdown2.o(.ARM.Collect$$libshutdown$$0000000F) for __rt_lib_shutdown_return
    libshutdown.o(.ARM.Collect$$libshutdown$$00000000) refers (Special) to libshutdown2.o(.ARM.Collect$$libshutdown$$00000009) for __rt_lib_shutdown_signal_1
    libshutdown.o(.ARM.Collect$$libshutdown$$00000000) refers (Special) to libshutdown2.o(.ARM.Collect$$libshutdown$$00000003) for __rt_lib_shutdown_stdio_1
    libshutdown.o(.ARM.Collect$$libshutdown$$00000000) refers (Special) to libshutdown2.o(.ARM.Collect$$libshutdown$$0000000B) for __rt_lib_shutdown_user_alloc_1
    rt_raise.o(.text) refers to __raise.o(.text) for __raise
    rt_raise.o(.text) refers to usart.o(.text) for _sys_exit
    defsig_exit.o(.text) refers to usart.o(.text) for _sys_exit
    defsig_rtmem_inner.o(.text) refers to defsig_general.o(.text) for __default_signal_display
    __raise.o(.text) refers to defsig.o(CL$$defsig) for __default_signal_handler
    defsig_general.o(.text) refers to sys_wrch.o(.text) for _ttywrch
    sys_wrch.o(.text) refers (Special) to use_no_semi.o(.text) for __I$use$semihosting
    sys_wrch.o(.text) refers (Special) to indicate_semi.o(.text) for __semihosting_library_function
    defsig.o(CL$$defsig) refers to defsig_rtmem_inner.o(.text) for __rt_SIGRTMEM_inner
    defsig_abrt_inner.o(.text) refers to defsig_general.o(.text) for __default_signal_display
    defsig_fpe_inner.o(.text) refers to defsig_general.o(.text) for __default_signal_display
    defsig_rtred_inner.o(.text) refers to defsig_general.o(.text) for __default_signal_display
    defsig_stak_inner.o(.text) refers to defsig_general.o(.text) for __default_signal_display
    defsig_pvfn_inner.o(.text) refers to defsig_general.o(.text) for __default_signal_display
    defsig_cppl_inner.o(.text) refers to defsig_general.o(.text) for __default_signal_display
    defsig_segv_inner.o(.text) refers to defsig_general.o(.text) for __default_signal_display
    defsig_other.o(.text) refers to defsig_general.o(.text) for __default_signal_display


==============================================================================

Removing Unused input sections from the image.

    Removing core_cm3.o(.emb_text), (32 bytes).
    Removing main.o(.data), (5 bytes).
    Removing sys.o(.text), (12 bytes).
    Removing ds18b20.o(.data), (1 bytes).

4 unused section(s) (total 50 bytes) removed from the image.

==============================================================================

Image Symbol Table

    Local Symbols

    Symbol Name                              Value     Ov Type        Size  Object(Section)

    ../clib/angel/boardlib.s                 0x00000000   Number         0  boardinit1.o ABSOLUTE
    ../clib/angel/boardlib.s                 0x00000000   Number         0  boardinit2.o ABSOLUTE
    ../clib/angel/boardlib.s                 0x00000000   Number         0  boardshut.o ABSOLUTE
    ../clib/angel/boardlib.s                 0x00000000   Number         0  boardinit3.o ABSOLUTE
    ../clib/angel/dczerorl2.s                0x00000000   Number         0  __dczerorl2.o ABSOLUTE
    ../clib/angel/handlers.s                 0x00000000   Number         0  __scatter_zi.o ABSOLUTE
    ../clib/angel/kernel.s                   0x00000000   Number         0  rtentry4.o ABSOLUTE
    ../clib/angel/kernel.s                   0x00000000   Number         0  rtentry2.o ABSOLUTE
    ../clib/angel/kernel.s                   0x00000000   Number         0  rtexit2.o ABSOLUTE
    ../clib/angel/kernel.s                   0x00000000   Number         0  rtexit.o ABSOLUTE
    ../clib/angel/kernel.s                   0x00000000   Number         0  rtentry.o ABSOLUTE
    ../clib/angel/rt.s                       0x00000000   Number         0  rt_locale.o ABSOLUTE
    ../clib/angel/rt.s                       0x00000000   Number         0  rt_raise.o ABSOLUTE
    ../clib/angel/rt.s                       0x00000000   Number         0  rt_locale_intlibspace.o ABSOLUTE
    ../clib/angel/scatter.s                  0x00000000   Number         0  __scatter.o ABSOLUTE
    ../clib/angel/startup.s                  0x00000000   Number         0  __main.o ABSOLUTE
    ../clib/angel/sys.s                      0x00000000   Number         0  libspace.o ABSOLUTE
    ../clib/angel/sys.s                      0x00000000   Number         0  sys_stackheap_outer.o ABSOLUTE
    ../clib/angel/sys.s                      0x00000000   Number         0  indicate_semi.o ABSOLUTE
    ../clib/angel/sys.s                      0x00000000   Number         0  use_no_semi_2.o ABSOLUTE
    ../clib/angel/sys.s                      0x00000000   Number         0  use_no_semi.o ABSOLUTE
    ../clib/angel/sysapp.c                   0x00000000   Number         0  sys_command.o ABSOLUTE
    ../clib/angel/sysapp.c                   0x00000000   Number         0  sys_wrch.o ABSOLUTE
    ../clib/armsys.c                         0x00000000   Number         0  no_argv.o ABSOLUTE
    ../clib/armsys.c                         0x00000000   Number         0  _get_argv_nomalloc.o ABSOLUTE
    ../clib/armsys.c                         0x00000000   Number         0  argv_veneer.o ABSOLUTE
    ../clib/armsys.c                         0x00000000   Number         0  argv_veneer.o ABSOLUTE
    ../clib/bigflt.c                         0x00000000   Number         0  bigflt0.o ABSOLUTE
    ../clib/btod.s                           0x00000000   Number         0  btod.o ABSOLUTE
    ../clib/heapalloc.c                      0x00000000   Number         0  hrguard.o ABSOLUTE
    ../clib/heapaux.c                        0x00000000   Number         0  heapauxi.o ABSOLUTE
    ../clib/libinit.s                        0x00000000   Number         0  libinit2.o ABSOLUTE
    ../clib/libinit.s                        0x00000000   Number         0  libshutdown2.o ABSOLUTE
    ../clib/libinit.s                        0x00000000   Number         0  libinit.o ABSOLUTE
    ../clib/libinit.s                        0x00000000   Number         0  libshutdown.o ABSOLUTE
    ../clib/locale.s                         0x00000000   Number         0  lc_numeric_c.o ABSOLUTE
    ../clib/longlong.s                       0x00000000   Number         0  lludiv10.o ABSOLUTE
    ../clib/memcpset.s                       0x00000000   Number         0  strcmpv7m.o ABSOLUTE
    ../clib/memcpset.s                       0x00000000   Number         0  rt_memclr_w.o ABSOLUTE
    ../clib/printf.c                         0x00000000   Number         0  noretval__2sprintf.o ABSOLUTE
    ../clib/printf.c                         0x00000000   Number         0  _printf_fp_dec.o ABSOLUTE
    ../clib/printf.c                         0x00000000   Number         0  __2sprintf.o ABSOLUTE
    ../clib/printf.c                         0x00000000   Number         0  noretval__2printf.o ABSOLUTE
    ../clib/printf.c                         0x00000000   Number         0  __printf.o ABSOLUTE
    ../clib/printf.c                         0x00000000   Number         0  _printf_dec.o ABSOLUTE
    ../clib/printf.c                         0x00000000   Number         0  _printf_char_common.o ABSOLUTE
    ../clib/printf.c                         0x00000000   Number         0  _printf_hex_ll.o ABSOLUTE
    ../clib/printf.c                         0x00000000   Number         0  _printf_hex_int.o ABSOLUTE
    ../clib/printf.c                         0x00000000   Number         0  _printf_hex_int_ll.o ABSOLUTE
    ../clib/printf.c                         0x00000000   Number         0  _sputc.o ABSOLUTE
    ../clib/printf.c                         0x00000000   Number         0  _printf_hex_ptr.o ABSOLUTE
    ../clib/printf.c                         0x00000000   Number         0  _printf_hex_int_ptr.o ABSOLUTE
    ../clib/printf.c                         0x00000000   Number         0  _printf_char_file.o ABSOLUTE
    ../clib/printf.c                         0x00000000   Number         0  _printf_hex_ll_ptr.o ABSOLUTE
    ../clib/printf.c                         0x00000000   Number         0  _printf_hex_int_ll_ptr.o ABSOLUTE
    ../clib/printf.c                         0x00000000   Number         0  __printf_flags.o ABSOLUTE
    ../clib/printf.c                         0x00000000   Number         0  __printf_ss.o ABSOLUTE
    ../clib/printf.c                         0x00000000   Number         0  __printf_flags_ss.o ABSOLUTE
    ../clib/printf.c                         0x00000000   Number         0  __printf_wp.o ABSOLUTE
    ../clib/printf.c                         0x00000000   Number         0  __printf_flags_wp.o ABSOLUTE
    ../clib/printf.c                         0x00000000   Number         0  __printf_ss_wp.o ABSOLUTE
    ../clib/printf.c                         0x00000000   Number         0  __printf_flags_ss_wp.o ABSOLUTE
    ../clib/printf.c                         0x00000000   Number         0  __printf_nopercent.o ABSOLUTE
    ../clib/printf.c                         0x00000000   Number         0  _printf_fp_infnan.o ABSOLUTE
    ../clib/printf.c                         0x00000000   Number         0  _printf_intcommon.o ABSOLUTE
    ../clib/printf.c                         0x00000000   Number         0  __2printf.o ABSOLUTE
    ../clib/printf_percent.s                 0x00000000   Number         0  _printf_percent.o ABSOLUTE
    ../clib/printf_percent.s                 0x00000000   Number         0  _printf_f.o ABSOLUTE
    ../clib/printf_percent.s                 0x00000000   Number         0  _printf_x.o ABSOLUTE
    ../clib/printf_percent.s                 0x00000000   Number         0  _printf_d.o ABSOLUTE
    ../clib/printf_percent.s                 0x00000000   Number         0  _printf_percent_end.o ABSOLUTE
    ../clib/signal.c                         0x00000000   Number         0  defsig_rtmem_formal.o ABSOLUTE
    ../clib/signal.c                         0x00000000   Number         0  defsig_general.o ABSOLUTE
    ../clib/signal.c                         0x00000000   Number         0  defsig_exit.o ABSOLUTE
    ../clib/signal.c                         0x00000000   Number         0  __raise.o ABSOLUTE
    ../clib/signal.c                         0x00000000   Number         0  defsig_rtmem_inner.o ABSOLUTE
    ../clib/signal.c                         0x00000000   Number         0  defsig_cppl_inner.o ABSOLUTE
    ../clib/signal.c                         0x00000000   Number         0  defsig_stak_inner.o ABSOLUTE
    ../clib/signal.c                         0x00000000   Number         0  defsig_rtred_inner.o ABSOLUTE
    ../clib/signal.c                         0x00000000   Number         0  defsig_fpe_inner.o ABSOLUTE
    ../clib/signal.c                         0x00000000   Number         0  defsig_other.o ABSOLUTE
    ../clib/signal.c                         0x00000000   Number         0  defsig_rtmem_outer.o ABSOLUTE
    ../clib/signal.c                         0x00000000   Number         0  defsig_segv_inner.o ABSOLUTE
    ../clib/signal.c                         0x00000000   Number         0  defsig_pvfn_inner.o ABSOLUTE
    ../clib/signal.c                         0x00000000   Number         0  defsig_abrt_inner.o ABSOLUTE
    ../clib/signal.s                         0x00000000   Number         0  defsig.o ABSOLUTE
    ../clib/stdio.c                          0x00000000   Number         0  ferror.o ABSOLUTE
    ../clib/stdio.c                          0x00000000   Number         0  ferror_locked.o ABSOLUTE
    ../clib/stdlib.c                         0x00000000   Number         0  exit.o ABSOLUTE
    ../clib/string.c                         0x00000000   Number         0  strlen.o ABSOLUTE
    ../fplib/dfix.s                          0x00000000   Number         0  dfix.o ABSOLUTE
    ../fplib/dmul.s                          0x00000000   Number         0  dmul.o ABSOLUTE
    ../fplib/dnaninf.s                       0x00000000   Number         0  dnaninf.o ABSOLUTE
    ../fplib/dretinf.s                       0x00000000   Number         0  dretinf.o ABSOLUTE
    ../fplib/f2d.s                           0x00000000   Number         0  f2d.o ABSOLUTE
    ../fplib/fdiv.s                          0x00000000   Number         0  fdiv.o ABSOLUTE
    ../fplib/fflt.s                          0x00000000   Number         0  fflt_clz.o ABSOLUTE
    ../fplib/fnaninf.s                       0x00000000   Number         0  fnaninf.o ABSOLUTE
    ../fplib/fpinit.s                        0x00000000   Number         0  fpinit.o ABSOLUTE
    ../fplib/fretinf.s                       0x00000000   Number         0  fretinf.o ABSOLUTE
    ../fplib/istatus.s                       0x00000000   Number         0  istatus.o ABSOLUTE
    ../fplib/printf1.s                       0x00000000   Number         0  printf1.o ABSOLUTE
    ../fplib/usenofp.s                       0x00000000   Number         0  usenofp.o ABSOLUTE
    ../mathlib/fpclassify.c                  0x00000000   Number         0  fpclassify.o ABSOLUTE
    CMSIS\\core_cm3.c                        0x00000000   Number         0  core_cm3.o ABSOLUTE
    CMSIS\core_cm3.c                         0x00000000   Number         0  core_cm3.o ABSOLUTE
    CMSIS\system_stm32f10x.c                 0x00000000   Number         0  system_stm32f10x.o ABSOLUTE
    Device\DS1302\DS1302.c                   0x00000000   Number         0  ds1302.o ABSOLUTE
    Device\DS18B20\DS18B20.c                 0x00000000   Number         0  ds18b20.o ABSOLUTE
    Device\Delay\Delay.c                     0x00000000   Number         0  delay.o ABSOLUTE
    Device\LCD12864\LCD12864.c               0x00000000   Number         0  lcd12864.o ABSOLUTE
    Device\MENU\MENU.c                       0x00000000   Number         0  menu.o ABSOLUTE
    Device\ST5767\ST5767.c                   0x00000000   Number         0  st5767.o ABSOLUTE
    Device\key\key.c                         0x00000000   Number         0  key.o ABSOLUTE
    Device\sys\sys.c                         0x00000000   Number         0  sys.o ABSOLUTE
    Device\usart\usart.c                     0x00000000   Number         0  usart.o ABSOLUTE
    StartUp\startup_stm32f10x_md.s           0x00000000   Number         0  startup_stm32f10x_md.o ABSOLUTE
    StdPeriphDriver\src\misc.c               0x00000000   Number         0  misc.o ABSOLUTE
    StdPeriphDriver\src\stm32f10x_gpio.c     0x00000000   Number         0  stm32f10x_gpio.o ABSOLUTE
    StdPeriphDriver\src\stm32f10x_rcc.c      0x00000000   Number         0  stm32f10x_rcc.o ABSOLUTE
    StdPeriphDriver\src\stm32f10x_usart.c    0x00000000   Number         0  stm32f10x_usart.o ABSOLUTE
    Users\Src\main.c                         0x00000000   Number         0  main.o ABSOLUTE
    Users\Src\stm32f10x_it.c                 0x00000000   Number         0  stm32f10x_it.o ABSOLUTE
    dc.s                                     0x00000000   Number         0  dc.o ABSOLUTE
    RESET                                    0x08000000   Section      236  startup_stm32f10x_md.o(RESET)
    !!!main                                  0x080000ec   Section        8  __main.o(!!!main)
    !!!scatter                               0x080000f4   Section       52  __scatter.o(!!!scatter)
    !!dczerorl2                              0x08000128   Section       90  __dczerorl2.o(!!dczerorl2)
    !!handler_zi                             0x08000184   Section       28  __scatter_zi.o(!!handler_zi)
    .ARM.Collect$$_printf_percent$$00000000  0x080001a0   Section        0  _printf_percent.o(.ARM.Collect$$_printf_percent$$00000000)
    .ARM.Collect$$_printf_percent$$00000003  0x080001a0   Section        6  _printf_f.o(.ARM.Collect$$_printf_percent$$00000003)
    .ARM.Collect$$_printf_percent$$00000009  0x080001a6   Section        6  _printf_d.o(.ARM.Collect$$_printf_percent$$00000009)
    .ARM.Collect$$_printf_percent$$0000000C  0x080001ac   Section        6  _printf_x.o(.ARM.Collect$$_printf_percent$$0000000C)
    .ARM.Collect$$_printf_percent$$00000017  0x080001b2   Section        4  _printf_percent_end.o(.ARM.Collect$$_printf_percent$$00000017)
    .ARM.Collect$$libinit$$00000000          0x080001b6   Section        2  libinit.o(.ARM.Collect$$libinit$$00000000)
    .ARM.Collect$$libinit$$00000002          0x080001b8   Section        0  libinit2.o(.ARM.Collect$$libinit$$00000002)
    .ARM.Collect$$libinit$$00000008          0x080001b8   Section        0  libinit2.o(.ARM.Collect$$libinit$$00000008)
    .ARM.Collect$$libinit$$0000000A          0x080001b8   Section        0  libinit2.o(.ARM.Collect$$libinit$$0000000A)
    .ARM.Collect$$libinit$$0000000C          0x080001b8   Section        0  libinit2.o(.ARM.Collect$$libinit$$0000000C)
    .ARM.Collect$$libinit$$0000000D          0x080001b8   Section        6  libinit2.o(.ARM.Collect$$libinit$$0000000D)
    .ARM.Collect$$libinit$$0000000F          0x080001be   Section        0  libinit2.o(.ARM.Collect$$libinit$$0000000F)
    .ARM.Collect$$libinit$$00000011          0x080001be   Section        0  libinit2.o(.ARM.Collect$$libinit$$00000011)
    .ARM.Collect$$libinit$$00000013          0x080001be   Section        0  libinit2.o(.ARM.Collect$$libinit$$00000013)
    .ARM.Collect$$libinit$$00000014          0x080001be   Section       10  libinit2.o(.ARM.Collect$$libinit$$00000014)
    .ARM.Collect$$libinit$$00000015          0x080001c8   Section        0  libinit2.o(.ARM.Collect$$libinit$$00000015)
    .ARM.Collect$$libinit$$00000017          0x080001c8   Section        0  libinit2.o(.ARM.Collect$$libinit$$00000017)
    .ARM.Collect$$libinit$$00000019          0x080001c8   Section        0  libinit2.o(.ARM.Collect$$libinit$$00000019)
    .ARM.Collect$$libinit$$0000001B          0x080001c8   Section        0  libinit2.o(.ARM.Collect$$libinit$$0000001B)
    .ARM.Collect$$libinit$$0000001D          0x080001c8   Section        0  libinit2.o(.ARM.Collect$$libinit$$0000001D)
    .ARM.Collect$$libinit$$0000001F          0x080001c8   Section        0  libinit2.o(.ARM.Collect$$libinit$$0000001F)
    .ARM.Collect$$libinit$$00000021          0x080001c8   Section        0  libinit2.o(.ARM.Collect$$libinit$$00000021)
    .ARM.Collect$$libinit$$00000023          0x080001c8   Section        0  libinit2.o(.ARM.Collect$$libinit$$00000023)
    .ARM.Collect$$libinit$$0000002A          0x080001c8   Section        0  libinit2.o(.ARM.Collect$$libinit$$0000002A)
    .ARM.Collect$$libinit$$0000002C          0x080001c8   Section        0  libinit2.o(.ARM.Collect$$libinit$$0000002C)
    .ARM.Collect$$libinit$$0000002E          0x080001c8   Section        0  libinit2.o(.ARM.Collect$$libinit$$0000002E)
    .ARM.Collect$$libinit$$00000030          0x080001c8   Section        0  libinit2.o(.ARM.Collect$$libinit$$00000030)
    .ARM.Collect$$libinit$$00000031          0x080001c8   Section        2  libinit2.o(.ARM.Collect$$libinit$$00000031)
    .ARM.Collect$$libshutdown$$00000000      0x080001ca   Section        2  libshutdown.o(.ARM.Collect$$libshutdown$$00000000)
    .ARM.Collect$$libshutdown$$00000003      0x080001cc   Section        0  libshutdown2.o(.ARM.Collect$$libshutdown$$00000003)
    .ARM.Collect$$libshutdown$$00000006      0x080001cc   Section        0  libshutdown2.o(.ARM.Collect$$libshutdown$$00000006)
    .ARM.Collect$$libshutdown$$00000009      0x080001cc   Section        0  libshutdown2.o(.ARM.Collect$$libshutdown$$00000009)
    .ARM.Collect$$libshutdown$$0000000B      0x080001cc   Section        0  libshutdown2.o(.ARM.Collect$$libshutdown$$0000000B)
    .ARM.Collect$$libshutdown$$0000000E      0x080001cc   Section        0  libshutdown2.o(.ARM.Collect$$libshutdown$$0000000E)
    .ARM.Collect$$libshutdown$$0000000F      0x080001cc   Section        2  libshutdown2.o(.ARM.Collect$$libshutdown$$0000000F)
    .ARM.Collect$$rtentry$$00000000          0x080001ce   Section        0  rtentry.o(.ARM.Collect$$rtentry$$00000000)
    .ARM.Collect$$rtentry$$00000002          0x080001ce   Section        0  rtentry2.o(.ARM.Collect$$rtentry$$00000002)
    .ARM.Collect$$rtentry$$00000004          0x080001ce   Section        6  rtentry4.o(.ARM.Collect$$rtentry$$00000004)
    .ARM.Collect$$rtentry$$00000009          0x080001d4   Section        0  rtentry2.o(.ARM.Collect$$rtentry$$00000009)
    .ARM.Collect$$rtentry$$0000000A          0x080001d4   Section        4  rtentry2.o(.ARM.Collect$$rtentry$$0000000A)
    .ARM.Collect$$rtentry$$0000000C          0x080001d8   Section        0  rtentry2.o(.ARM.Collect$$rtentry$$0000000C)
    .ARM.Collect$$rtentry$$0000000D          0x080001d8   Section        8  rtentry2.o(.ARM.Collect$$rtentry$$0000000D)
    .ARM.Collect$$rtexit$$00000000           0x080001e0   Section        2  rtexit.o(.ARM.Collect$$rtexit$$00000000)
    .ARM.Collect$$rtexit$$00000002           0x080001e2   Section        0  rtexit2.o(.ARM.Collect$$rtexit$$00000002)
    .ARM.Collect$$rtexit$$00000003           0x080001e2   Section        4  rtexit2.o(.ARM.Collect$$rtexit$$00000003)
    .ARM.Collect$$rtexit$$00000004           0x080001e6   Section        6  rtexit2.o(.ARM.Collect$$rtexit$$00000004)
    .text                                    0x080001ec   Section        0  system_stm32f10x.o(.text)
    SetSysClockTo72                          0x080001ed   Thumb Code   214  system_stm32f10x.o(.text)
    SetSysClock                              0x080002c3   Thumb Code     8  system_stm32f10x.o(.text)
    .text                                    0x080003cc   Section        0  misc.o(.text)
    .text                                    0x080004a8   Section        0  stm32f10x_rcc.o(.text)
    .text                                    0x0800084c   Section        0  stm32f10x_gpio.o(.text)
    .text                                    0x08000ba8   Section        0  stm32f10x_usart.o(.text)
    .text                                    0x08000fb0   Section       64  startup_stm32f10x_md.o(.text)
    .text                                    0x08000ff0   Section        0  stm32f10x_it.o(.text)
    .text                                    0x0800100c   Section        0  main.o(.text)
    .text                                    0x08001108   Section        0  delay.o(.text)
    .text                                    0x080011d0   Section        0  usart.o(.text)
    .text                                    0x08001314   Section        0  st5767.o(.text)
    .text                                    0x0800161c   Section        0  lcd12864.o(.text)
    updateBoundingBox                        0x08001731   Thumb Code    52  lcd12864.o(.text)
    .text                                    0x08001be4   Section        0  key.o(.text)
    .text                                    0x08001e0c   Section        0  menu.o(.text)
    .text                                    0x080023c0   Section        0  ds18b20.o(.text)
    .text                                    0x08002614   Section        0  ds1302.o(.text)
    .text                                    0x08002cac   Section        2  use_no_semi_2.o(.text)
    .text                                    0x08002cb0   Section        0  noretval__2printf.o(.text)
    .text                                    0x08002cc8   Section        0  noretval__2sprintf.o(.text)
    .text                                    0x08002cf0   Section        0  __printf.o(.text)
    .text                                    0x08002d58   Section        0  _printf_dec.o(.text)
    .text                                    0x08002dcc   Section        0  _printf_hex_int.o(.text)
    .text                                    0x08002e24   Section        0  strlen.o(.text)
    .text                                    0x08002e62   Section       78  rt_memclr_w.o(.text)
    .text                                    0x08002eb0   Section        0  heapauxi.o(.text)
    .text                                    0x08002eb6   Section        2  use_no_semi.o(.text)
    .text                                    0x08002eb8   Section        0  _printf_intcommon.o(.text)
    .text                                    0x08002f6a   Section        0  _printf_fp_dec.o(.text)
    _fp_digits                               0x08002f6d   Thumb Code   428  _printf_fp_dec.o(.text)
    .text                                    0x08003380   Section        0  _printf_char_common.o(.text)
    _printf_input_char                       0x08003381   Thumb Code    10  _printf_char_common.o(.text)
    .text                                    0x080033b0   Section        0  _sputc.o(.text)
    .text                                    0x080033bc   Section        0  _printf_char_file.o(.text)
    .text                                    0x080033e0   Section        8  rt_locale_intlibspace.o(.text)
    .text                                    0x080033e8   Section      138  lludiv10.o(.text)
    .text                                    0x08003474   Section        0  _printf_fp_infnan.o(.text)
    .text                                    0x080034f4   Section        0  bigflt0.o(.text)
    .text                                    0x080035cc   Section        0  ferror.o(.text)
    .text                                    0x080035d4   Section        8  libspace.o(.text)
    .text                                    0x080035dc   Section       74  sys_stackheap_outer.o(.text)
    .text                                    0x08003626   Section        0  exit.o(.text)
    .text                                    0x08003634   Section      128  strcmpv7m.o(.text)
    CL$$btod_d2e                             0x080036b4   Section       62  btod.o(CL$$btod_d2e)
    CL$$btod_d2e_denorm_low                  0x080036f2   Section       70  btod.o(CL$$btod_d2e_denorm_low)
    CL$$btod_d2e_norm_op1                    0x08003738   Section       96  btod.o(CL$$btod_d2e_norm_op1)
    CL$$btod_div_common                      0x08003798   Section      824  btod.o(CL$$btod_div_common)
    CL$$btod_e2e                             0x08003ad0   Section      198  btod.o(CL$$btod_e2e)
    CL$$btod_ediv                            0x08003b96   Section       40  btod.o(CL$$btod_ediv)
    CL$$btod_emul                            0x08003bbe   Section       40  btod.o(CL$$btod_emul)
    CL$$btod_mult_common                     0x08003be6   Section      580  btod.o(CL$$btod_mult_common)
    i.__ARM_fpclassify                       0x08003e2a   Section        0  fpclassify.o(i.__ARM_fpclassify)
    locale$$code                             0x08003e54   Section       44  lc_numeric_c.o(locale$$code)
    x$fpl$dfix                               0x08003e80   Section       94  dfix.o(x$fpl$dfix)
    x$fpl$dmul                               0x08003ee0   Section      340  dmul.o(x$fpl$dmul)
    x$fpl$dnaninf                            0x08004034   Section      156  dnaninf.o(x$fpl$dnaninf)
    x$fpl$dretinf                            0x080040d0   Section       12  dretinf.o(x$fpl$dretinf)
    x$fpl$f2d                                0x080040dc   Section       86  f2d.o(x$fpl$f2d)
    x$fpl$fdiv                               0x08004134   Section      388  fdiv.o(x$fpl$fdiv)
    _fdiv1                                   0x08004135   Thumb Code     0  fdiv.o(x$fpl$fdiv)
    x$fpl$fflt                               0x080042b8   Section       48  fflt_clz.o(x$fpl$fflt)
    x$fpl$fnaninf                            0x080042e8   Section      140  fnaninf.o(x$fpl$fnaninf)
    x$fpl$fretinf                            0x08004374   Section       10  fretinf.o(x$fpl$fretinf)
    x$fpl$printf1                            0x0800437e   Section        4  printf1.o(x$fpl$printf1)
    .constdata                               0x08004382   Section       40  _printf_hex_int.o(.constdata)
    x$fpl$usenofp                            0x08004382   Section        0  usenofp.o(x$fpl$usenofp)
    uc_hextab                                0x08004382   Data          20  _printf_hex_int.o(.constdata)
    lc_hextab                                0x08004396   Data          20  _printf_hex_int.o(.constdata)
    .constdata                               0x080043ac   Section      148  bigflt0.o(.constdata)
    tenpwrs_x                                0x080043ac   Data          60  bigflt0.o(.constdata)
    tenpwrs_i                                0x080043e8   Data          64  bigflt0.o(.constdata)
    .conststring                             0x08004440   Section      151  menu.o(.conststring)
    locale$$data                             0x080044f8   Section       28  lc_numeric_c.o(locale$$data)
    __lcnum_c_name                           0x080044fc   Data           2  lc_numeric_c.o(locale$$data)
    __lcnum_c_start                          0x08004504   Data           0  lc_numeric_c.o(locale$$data)
    __lcnum_c_point                          0x08004510   Data           0  lc_numeric_c.o(locale$$data)
    __lcnum_c_thousands                      0x08004512   Data           0  lc_numeric_c.o(locale$$data)
    __lcnum_c_grouping                       0x08004513   Data           0  lc_numeric_c.o(locale$$data)
    __lcnum_c_end                            0x08004514   Data           0  lc_numeric_c.o(locale$$data)
    .data                                    0x20000000   Section       20  system_stm32f10x.o(.data)
    .data                                    0x20000014   Section       20  stm32f10x_rcc.o(.data)
    APBAHBPrescTable                         0x20000014   Data          16  stm32f10x_rcc.o(.data)
    ADCPrescTable                            0x20000024   Data           4  stm32f10x_rcc.o(.data)
    .data                                    0x20000028   Section        8  delay.o(.data)
    fac_us                                   0x20000028   Data           1  delay.o(.data)
    fac_ms                                   0x2000002c   Data           4  delay.o(.data)
    .data                                    0x20000030   Section        6  usart.o(.data)
    .data                                    0x20000036   Section     1258  st5767.o(.data)
    .data                                    0x20000520   Section      658  lcd12864.o(.data)
    xUpdateMin                               0x200007ae   Data           1  lcd12864.o(.data)
    xUpdateMax                               0x200007af   Data           1  lcd12864.o(.data)
    yUpdateMin                               0x200007b0   Data           1  lcd12864.o(.data)
    yUpdateMax                               0x200007b1   Data           1  lcd12864.o(.data)
    .data                                    0x200007b4   Section      226  menu.o(.data)
    .data                                    0x20000896   Section       39  ds1302.o(.data)
    .bss                                     0x200008c0   Section      200  usart.o(.bss)
    .bss                                     0x20000988   Section      104  menu.o(.bss)
    .bss                                     0x200009f0   Section       96  libspace.o(.bss)
    HEAP                                     0x20000a50   Section      512  startup_stm32f10x_md.o(HEAP)
    Heap_Mem                                 0x20000a50   Data         512  startup_stm32f10x_md.o(HEAP)
    STACK                                    0x20000c50   Section     1024  startup_stm32f10x_md.o(STACK)
    Stack_Mem                                0x20000c50   Data        1024  startup_stm32f10x_md.o(STACK)
    __initial_sp                             0x20001050   Data           0  startup_stm32f10x_md.o(STACK)

    Global Symbols

    Symbol Name                              Value     Ov Type        Size  Object(Section)

    BuildAttributes$$THM_ISAv4$P$D$K$B$S$PE$A:L22UL41UL21$X:L11$S22US41US21$IEEE1$IW$USESV6$~STKCKD$USESV7$~SHL$OTIME$ROPI$IEEEJ$EBA8$UX$STANDARDLIB$REQ8$PRES8$EABIv2 0x00000000   Number         0  anon$$obj.o ABSOLUTE
    __ARM_use_no_argv                        0x00000000   Number         0  main.o ABSOLUTE
    __ARM_exceptions_init                     - Undefined Weak Reference
    __alloca_initialize                       - Undefined Weak Reference
    __cpp_initialize__aeabi_                  - Undefined Weak Reference
    __cxa_finalize                            - Undefined Weak Reference
    __sigvec_lookup                           - Undefined Weak Reference
    _atexit_init                              - Undefined Weak Reference
    _call_atexit_fns                          - Undefined Weak Reference
    _clock_init                               - Undefined Weak Reference
    _fp_trap_init                             - Undefined Weak Reference
    _fp_trap_shutdown                         - Undefined Weak Reference
    _get_lc_collate                           - Undefined Weak Reference
    _get_lc_ctype                             - Undefined Weak Reference
    _get_lc_monetary                          - Undefined Weak Reference
    _get_lc_time                              - Undefined Weak Reference
    _getenv_init                              - Undefined Weak Reference
    _handle_redirection                       - Undefined Weak Reference
    _init_alloc                               - Undefined Weak Reference
    _init_user_alloc                          - Undefined Weak Reference
    _initio                                   - Undefined Weak Reference
    _mutex_acquire                            - Undefined Weak Reference
    _mutex_release                            - Undefined Weak Reference
    _printf_post_padding                      - Undefined Weak Reference
    _printf_pre_padding                       - Undefined Weak Reference
    _printf_truncate_signed                   - Undefined Weak Reference
    _printf_truncate_unsigned                 - Undefined Weak Reference
    _rand_init                                - Undefined Weak Reference
    _signal_finish                            - Undefined Weak Reference
    _signal_init                              - Undefined Weak Reference
    _terminate_alloc                          - Undefined Weak Reference
    _terminate_user_alloc                     - Undefined Weak Reference
    _terminateio                              - Undefined Weak Reference
    __Vectors_Size                           0x000000ec   Number         0  startup_stm32f10x_md.o ABSOLUTE
    __Vectors                                0x08000000   Data           4  startup_stm32f10x_md.o(RESET)
    __Vectors_End                            0x080000ec   Data           0  startup_stm32f10x_md.o(RESET)
    __main                                   0x080000ed   Thumb Code     8  __main.o(!!!main)
    __scatterload                            0x080000f5   Thumb Code     0  __scatter.o(!!!scatter)
    __scatterload_rt2                        0x080000f5   Thumb Code    44  __scatter.o(!!!scatter)
    __scatterload_rt2_thumb_only             0x080000f5   Thumb Code     0  __scatter.o(!!!scatter)
    __scatterload_null                       0x08000103   Thumb Code     0  __scatter.o(!!!scatter)
    __decompress                             0x08000129   Thumb Code    90  __dczerorl2.o(!!dczerorl2)
    __decompress1                            0x08000129   Thumb Code     0  __dczerorl2.o(!!dczerorl2)
    __scatterload_zeroinit                   0x08000185   Thumb Code    28  __scatter_zi.o(!!handler_zi)
    _printf_f                                0x080001a1   Thumb Code     0  _printf_f.o(.ARM.Collect$$_printf_percent$$00000003)
    _printf_percent                          0x080001a1   Thumb Code     0  _printf_percent.o(.ARM.Collect$$_printf_percent$$00000000)
    _printf_d                                0x080001a7   Thumb Code     0  _printf_d.o(.ARM.Collect$$_printf_percent$$00000009)
    _printf_x                                0x080001ad   Thumb Code     0  _printf_x.o(.ARM.Collect$$_printf_percent$$0000000C)
    _printf_percent_end                      0x080001b3   Thumb Code     0  _printf_percent_end.o(.ARM.Collect$$_printf_percent$$00000017)
    __rt_lib_init                            0x080001b7   Thumb Code     0  libinit.o(.ARM.Collect$$libinit$$00000000)
    __rt_lib_init_fp_1                       0x080001b9   Thumb Code     0  libinit2.o(.ARM.Collect$$libinit$$00000002)
    __rt_lib_init_heap_1                     0x080001b9   Thumb Code     0  libinit2.o(.ARM.Collect$$libinit$$00000008)
    __rt_lib_init_lc_common                  0x080001b9   Thumb Code     0  libinit2.o(.ARM.Collect$$libinit$$0000000D)
    __rt_lib_init_rand_1                     0x080001b9   Thumb Code     0  libinit2.o(.ARM.Collect$$libinit$$0000000C)
    __rt_lib_init_user_alloc_1               0x080001b9   Thumb Code     0  libinit2.o(.ARM.Collect$$libinit$$0000000A)
    __rt_lib_init_lc_collate_1               0x080001bf   Thumb Code     0  libinit2.o(.ARM.Collect$$libinit$$0000000F)
    __rt_lib_init_lc_ctype_1                 0x080001bf   Thumb Code     0  libinit2.o(.ARM.Collect$$libinit$$00000011)
    __rt_lib_init_lc_monetary_1              0x080001bf   Thumb Code     0  libinit2.o(.ARM.Collect$$libinit$$00000013)
    __rt_lib_init_lc_numeric_2               0x080001bf   Thumb Code     0  libinit2.o(.ARM.Collect$$libinit$$00000014)
    __rt_lib_init_alloca_1                   0x080001c9   Thumb Code     0  libinit2.o(.ARM.Collect$$libinit$$0000002C)
    __rt_lib_init_argv_1                     0x080001c9   Thumb Code     0  libinit2.o(.ARM.Collect$$libinit$$0000002A)
    __rt_lib_init_atexit_1                   0x080001c9   Thumb Code     0  libinit2.o(.ARM.Collect$$libinit$$00000019)
    __rt_lib_init_clock_1                    0x080001c9   Thumb Code     0  libinit2.o(.ARM.Collect$$libinit$$0000001F)
    __rt_lib_init_cpp_1                      0x080001c9   Thumb Code     0  libinit2.o(.ARM.Collect$$libinit$$00000030)
    __rt_lib_init_exceptions_1               0x080001c9   Thumb Code     0  libinit2.o(.ARM.Collect$$libinit$$0000002E)
    __rt_lib_init_fp_trap_1                  0x080001c9   Thumb Code     0  libinit2.o(.ARM.Collect$$libinit$$0000001D)
    __rt_lib_init_getenv_1                   0x080001c9   Thumb Code     0  libinit2.o(.ARM.Collect$$libinit$$00000021)
    __rt_lib_init_lc_numeric_1               0x080001c9   Thumb Code     0  libinit2.o(.ARM.Collect$$libinit$$00000015)
    __rt_lib_init_lc_time_1                  0x080001c9   Thumb Code     0  libinit2.o(.ARM.Collect$$libinit$$00000017)
    __rt_lib_init_return                     0x080001c9   Thumb Code     0  libinit2.o(.ARM.Collect$$libinit$$00000031)
    __rt_lib_init_signal_1                   0x080001c9   Thumb Code     0  libinit2.o(.ARM.Collect$$libinit$$0000001B)
    __rt_lib_init_stdio_1                    0x080001c9   Thumb Code     0  libinit2.o(.ARM.Collect$$libinit$$00000023)
    __rt_lib_shutdown                        0x080001cb   Thumb Code     0  libshutdown.o(.ARM.Collect$$libshutdown$$00000000)
    __rt_lib_shutdown_fp_trap_1              0x080001cd   Thumb Code     0  libshutdown2.o(.ARM.Collect$$libshutdown$$00000006)
    __rt_lib_shutdown_heap_1                 0x080001cd   Thumb Code     0  libshutdown2.o(.ARM.Collect$$libshutdown$$0000000E)
    __rt_lib_shutdown_return                 0x080001cd   Thumb Code     0  libshutdown2.o(.ARM.Collect$$libshutdown$$0000000F)
    __rt_lib_shutdown_signal_1               0x080001cd   Thumb Code     0  libshutdown2.o(.ARM.Collect$$libshutdown$$00000009)
    __rt_lib_shutdown_stdio_1                0x080001cd   Thumb Code     0  libshutdown2.o(.ARM.Collect$$libshutdown$$00000003)
    __rt_lib_shutdown_user_alloc_1           0x080001cd   Thumb Code     0  libshutdown2.o(.ARM.Collect$$libshutdown$$0000000B)
    __rt_entry                               0x080001cf   Thumb Code     0  rtentry.o(.ARM.Collect$$rtentry$$00000000)
    __rt_entry_presh_1                       0x080001cf   Thumb Code     0  rtentry2.o(.ARM.Collect$$rtentry$$00000002)
    __rt_entry_sh                            0x080001cf   Thumb Code     0  rtentry4.o(.ARM.Collect$$rtentry$$00000004)
    __rt_entry_li                            0x080001d5   Thumb Code     0  rtentry2.o(.ARM.Collect$$rtentry$$0000000A)
    __rt_entry_postsh_1                      0x080001d5   Thumb Code     0  rtentry2.o(.ARM.Collect$$rtentry$$00000009)
    __rt_entry_main                          0x080001d9   Thumb Code     0  rtentry2.o(.ARM.Collect$$rtentry$$0000000D)
    __rt_entry_postli_1                      0x080001d9   Thumb Code     0  rtentry2.o(.ARM.Collect$$rtentry$$0000000C)
    __rt_exit                                0x080001e1   Thumb Code     0  rtexit.o(.ARM.Collect$$rtexit$$00000000)
    __rt_exit_ls                             0x080001e3   Thumb Code     0  rtexit2.o(.ARM.Collect$$rtexit$$00000003)
    __rt_exit_prels_1                        0x080001e3   Thumb Code     0  rtexit2.o(.ARM.Collect$$rtexit$$00000002)
    __rt_exit_exit                           0x080001e7   Thumb Code     0  rtexit2.o(.ARM.Collect$$rtexit$$00000004)
    SystemInit                               0x080002cb   Thumb Code    78  system_stm32f10x.o(.text)
    SystemCoreClockUpdate                    0x08000319   Thumb Code   142  system_stm32f10x.o(.text)
    NVIC_PriorityGroupConfig                 0x080003cd   Thumb Code    10  misc.o(.text)
    NVIC_Init                                0x080003d7   Thumb Code   100  misc.o(.text)
    NVIC_SetVectorTable                      0x0800043b   Thumb Code    14  misc.o(.text)
    NVIC_SystemLPConfig                      0x08000449   Thumb Code    34  misc.o(.text)
    SysTick_CLKSourceConfig                  0x0800046b   Thumb Code    40  misc.o(.text)
    RCC_DeInit                               0x080004a9   Thumb Code    64  stm32f10x_rcc.o(.text)
    RCC_HSEConfig                            0x080004e9   Thumb Code    70  stm32f10x_rcc.o(.text)
    RCC_GetFlagStatus                        0x0800052f   Thumb Code    56  stm32f10x_rcc.o(.text)
    RCC_WaitForHSEStartUp                    0x08000567   Thumb Code    56  stm32f10x_rcc.o(.text)
    RCC_AdjustHSICalibrationValue            0x0800059f   Thumb Code    20  stm32f10x_rcc.o(.text)
    RCC_HSICmd                               0x080005b3   Thumb Code     6  stm32f10x_rcc.o(.text)
    RCC_PLLConfig                            0x080005b9   Thumb Code    24  stm32f10x_rcc.o(.text)
    RCC_PLLCmd                               0x080005d1   Thumb Code     6  stm32f10x_rcc.o(.text)
    RCC_SYSCLKConfig                         0x080005d7   Thumb Code    18  stm32f10x_rcc.o(.text)
    RCC_GetSYSCLKSource                      0x080005e9   Thumb Code    10  stm32f10x_rcc.o(.text)
    RCC_HCLKConfig                           0x080005f3   Thumb Code    18  stm32f10x_rcc.o(.text)
    RCC_PCLK1Config                          0x08000605   Thumb Code    18  stm32f10x_rcc.o(.text)
    RCC_PCLK2Config                          0x08000617   Thumb Code    20  stm32f10x_rcc.o(.text)
    RCC_ITConfig                             0x0800062b   Thumb Code    26  stm32f10x_rcc.o(.text)
    RCC_USBCLKConfig                         0x08000645   Thumb Code     8  stm32f10x_rcc.o(.text)
    RCC_ADCCLKConfig                         0x0800064d   Thumb Code    18  stm32f10x_rcc.o(.text)
    RCC_LSEConfig                            0x0800065f   Thumb Code    50  stm32f10x_rcc.o(.text)
    RCC_LSICmd                               0x08000691   Thumb Code     6  stm32f10x_rcc.o(.text)
    RCC_RTCCLKConfig                         0x08000697   Thumb Code    12  stm32f10x_rcc.o(.text)
    RCC_RTCCLKCmd                            0x080006a3   Thumb Code     8  stm32f10x_rcc.o(.text)
    RCC_GetClocksFreq                        0x080006ab   Thumb Code   192  stm32f10x_rcc.o(.text)
    RCC_AHBPeriphClockCmd                    0x0800076b   Thumb Code    26  stm32f10x_rcc.o(.text)
    RCC_APB2PeriphClockCmd                   0x08000785   Thumb Code    26  stm32f10x_rcc.o(.text)
    RCC_APB1PeriphClockCmd                   0x0800079f   Thumb Code    26  stm32f10x_rcc.o(.text)
    RCC_APB2PeriphResetCmd                   0x080007b9   Thumb Code    26  stm32f10x_rcc.o(.text)
    RCC_APB1PeriphResetCmd                   0x080007d3   Thumb Code    26  stm32f10x_rcc.o(.text)
    RCC_BackupResetCmd                       0x080007ed   Thumb Code     8  stm32f10x_rcc.o(.text)
    RCC_ClockSecuritySystemCmd               0x080007f5   Thumb Code     6  stm32f10x_rcc.o(.text)
    RCC_MCOConfig                            0x080007fb   Thumb Code     6  stm32f10x_rcc.o(.text)
    RCC_ClearFlag                            0x08000801   Thumb Code    14  stm32f10x_rcc.o(.text)
    RCC_GetITStatus                          0x0800080f   Thumb Code    20  stm32f10x_rcc.o(.text)
    RCC_ClearITPendingBit                    0x08000823   Thumb Code     6  stm32f10x_rcc.o(.text)
    GPIO_DeInit                              0x0800084d   Thumb Code   172  stm32f10x_gpio.o(.text)
    GPIO_AFIODeInit                          0x080008f9   Thumb Code    20  stm32f10x_gpio.o(.text)
    GPIO_Init                                0x0800090d   Thumb Code   278  stm32f10x_gpio.o(.text)
    GPIO_StructInit                          0x08000a23   Thumb Code    16  stm32f10x_gpio.o(.text)
    GPIO_ReadInputDataBit                    0x08000a33   Thumb Code    18  stm32f10x_gpio.o(.text)
    GPIO_ReadInputData                       0x08000a45   Thumb Code     8  stm32f10x_gpio.o(.text)
    GPIO_ReadOutputDataBit                   0x08000a4d   Thumb Code    18  stm32f10x_gpio.o(.text)
    GPIO_ReadOutputData                      0x08000a5f   Thumb Code     8  stm32f10x_gpio.o(.text)
    GPIO_SetBits                             0x08000a67   Thumb Code     4  stm32f10x_gpio.o(.text)
    GPIO_ResetBits                           0x08000a6b   Thumb Code     4  stm32f10x_gpio.o(.text)
    GPIO_WriteBit                            0x08000a6f   Thumb Code    10  stm32f10x_gpio.o(.text)
    GPIO_Write                               0x08000a79   Thumb Code     4  stm32f10x_gpio.o(.text)
    GPIO_PinLockConfig                       0x08000a7d   Thumb Code    18  stm32f10x_gpio.o(.text)
    GPIO_EventOutputConfig                   0x08000a8f   Thumb Code    26  stm32f10x_gpio.o(.text)
    GPIO_EventOutputCmd                      0x08000aa9   Thumb Code     6  stm32f10x_gpio.o(.text)
    GPIO_PinRemapConfig                      0x08000aaf   Thumb Code   138  stm32f10x_gpio.o(.text)
    GPIO_EXTILineConfig                      0x08000b39   Thumb Code    66  stm32f10x_gpio.o(.text)
    GPIO_ETH_MediaInterfaceConfig            0x08000b7b   Thumb Code     8  stm32f10x_gpio.o(.text)
    USART_DeInit                             0x08000ba9   Thumb Code   134  stm32f10x_usart.o(.text)
    USART_Init                               0x08000c2f   Thumb Code   210  stm32f10x_usart.o(.text)
    USART_StructInit                         0x08000d01   Thumb Code    24  stm32f10x_usart.o(.text)
    USART_ClockInit                          0x08000d19   Thumb Code    34  stm32f10x_usart.o(.text)
    USART_ClockStructInit                    0x08000d3b   Thumb Code    12  stm32f10x_usart.o(.text)
    USART_Cmd                                0x08000d47   Thumb Code    24  stm32f10x_usart.o(.text)
    USART_ITConfig                           0x08000d5f   Thumb Code    74  stm32f10x_usart.o(.text)
    USART_DMACmd                             0x08000da9   Thumb Code    18  stm32f10x_usart.o(.text)
    USART_SetAddress                         0x08000dbb   Thumb Code    18  stm32f10x_usart.o(.text)
    USART_WakeUpConfig                       0x08000dcd   Thumb Code    18  stm32f10x_usart.o(.text)
    USART_ReceiverWakeUpCmd                  0x08000ddf   Thumb Code    24  stm32f10x_usart.o(.text)
    USART_LINBreakDetectLengthConfig         0x08000df7   Thumb Code    18  stm32f10x_usart.o(.text)
    USART_LINCmd                             0x08000e09   Thumb Code    24  stm32f10x_usart.o(.text)
    USART_SendData                           0x08000e21   Thumb Code     8  stm32f10x_usart.o(.text)
    USART_ReceiveData                        0x08000e29   Thumb Code    10  stm32f10x_usart.o(.text)
    USART_SendBreak                          0x08000e33   Thumb Code    10  stm32f10x_usart.o(.text)
    USART_SetGuardTime                       0x08000e3d   Thumb Code    16  stm32f10x_usart.o(.text)
    USART_SetPrescaler                       0x08000e4d   Thumb Code    16  stm32f10x_usart.o(.text)
    USART_SmartCardCmd                       0x08000e5d   Thumb Code    24  stm32f10x_usart.o(.text)
    USART_SmartCardNACKCmd                   0x08000e75   Thumb Code    24  stm32f10x_usart.o(.text)
    USART_HalfDuplexCmd                      0x08000e8d   Thumb Code    24  stm32f10x_usart.o(.text)
    USART_OverSampling8Cmd                   0x08000ea5   Thumb Code    22  stm32f10x_usart.o(.text)
    USART_OneBitMethodCmd                    0x08000ebb   Thumb Code    24  stm32f10x_usart.o(.text)
    USART_IrDAConfig                         0x08000ed3   Thumb Code    18  stm32f10x_usart.o(.text)
    USART_IrDACmd                            0x08000ee5   Thumb Code    24  stm32f10x_usart.o(.text)
    USART_GetFlagStatus                      0x08000efd   Thumb Code    26  stm32f10x_usart.o(.text)
    USART_ClearFlag                          0x08000f17   Thumb Code    18  stm32f10x_usart.o(.text)
    USART_GetITStatus                        0x08000f29   Thumb Code    84  stm32f10x_usart.o(.text)
    USART_ClearITPendingBit                  0x08000f7d   Thumb Code    52  stm32f10x_usart.o(.text)
    Reset_Handler                            0x08000fb1   Thumb Code     8  startup_stm32f10x_md.o(.text)
    ADC1_2_IRQHandler                        0x08000fcb   Thumb Code     0  startup_stm32f10x_md.o(.text)
    CAN1_RX1_IRQHandler                      0x08000fcb   Thumb Code     0  startup_stm32f10x_md.o(.text)
    CAN1_SCE_IRQHandler                      0x08000fcb   Thumb Code     0  startup_stm32f10x_md.o(.text)
    DMA1_Channel1_IRQHandler                 0x08000fcb   Thumb Code     0  startup_stm32f10x_md.o(.text)
    DMA1_Channel2_IRQHandler                 0x08000fcb   Thumb Code     0  startup_stm32f10x_md.o(.text)
    DMA1_Channel3_IRQHandler                 0x08000fcb   Thumb Code     0  startup_stm32f10x_md.o(.text)
    DMA1_Channel4_IRQHandler                 0x08000fcb   Thumb Code     0  startup_stm32f10x_md.o(.text)
    DMA1_Channel5_IRQHandler                 0x08000fcb   Thumb Code     0  startup_stm32f10x_md.o(.text)
    DMA1_Channel6_IRQHandler                 0x08000fcb   Thumb Code     0  startup_stm32f10x_md.o(.text)
    DMA1_Channel7_IRQHandler                 0x08000fcb   Thumb Code     0  startup_stm32f10x_md.o(.text)
    EXTI0_IRQHandler                         0x08000fcb   Thumb Code     0  startup_stm32f10x_md.o(.text)
    EXTI15_10_IRQHandler                     0x08000fcb   Thumb Code     0  startup_stm32f10x_md.o(.text)
    EXTI1_IRQHandler                         0x08000fcb   Thumb Code     0  startup_stm32f10x_md.o(.text)
    EXTI2_IRQHandler                         0x08000fcb   Thumb Code     0  startup_stm32f10x_md.o(.text)
    EXTI3_IRQHandler                         0x08000fcb   Thumb Code     0  startup_stm32f10x_md.o(.text)
    EXTI4_IRQHandler                         0x08000fcb   Thumb Code     0  startup_stm32f10x_md.o(.text)
    EXTI9_5_IRQHandler                       0x08000fcb   Thumb Code     0  startup_stm32f10x_md.o(.text)
    FLASH_IRQHandler                         0x08000fcb   Thumb Code     0  startup_stm32f10x_md.o(.text)
    I2C1_ER_IRQHandler                       0x08000fcb   Thumb Code     0  startup_stm32f10x_md.o(.text)
    I2C1_EV_IRQHandler                       0x08000fcb   Thumb Code     0  startup_stm32f10x_md.o(.text)
    I2C2_ER_IRQHandler                       0x08000fcb   Thumb Code     0  startup_stm32f10x_md.o(.text)
    I2C2_EV_IRQHandler                       0x08000fcb   Thumb Code     0  startup_stm32f10x_md.o(.text)
    PVD_IRQHandler                           0x08000fcb   Thumb Code     0  startup_stm32f10x_md.o(.text)
    RCC_IRQHandler                           0x08000fcb   Thumb Code     0  startup_stm32f10x_md.o(.text)
    RTCAlarm_IRQHandler                      0x08000fcb   Thumb Code     0  startup_stm32f10x_md.o(.text)
    RTC_IRQHandler                           0x08000fcb   Thumb Code     0  startup_stm32f10x_md.o(.text)
    SPI1_IRQHandler                          0x08000fcb   Thumb Code     0  startup_stm32f10x_md.o(.text)
    SPI2_IRQHandler                          0x08000fcb   Thumb Code     0  startup_stm32f10x_md.o(.text)
    TAMPER_IRQHandler                        0x08000fcb   Thumb Code     0  startup_stm32f10x_md.o(.text)
    TIM1_BRK_IRQHandler                      0x08000fcb   Thumb Code     0  startup_stm32f10x_md.o(.text)
    TIM1_CC_IRQHandler                       0x08000fcb   Thumb Code     0  startup_stm32f10x_md.o(.text)
    TIM1_TRG_COM_IRQHandler                  0x08000fcb   Thumb Code     0  startup_stm32f10x_md.o(.text)
    TIM1_UP_IRQHandler                       0x08000fcb   Thumb Code     0  startup_stm32f10x_md.o(.text)
    TIM2_IRQHandler                          0x08000fcb   Thumb Code     0  startup_stm32f10x_md.o(.text)
    TIM3_IRQHandler                          0x08000fcb   Thumb Code     0  startup_stm32f10x_md.o(.text)
    TIM4_IRQHandler                          0x08000fcb   Thumb Code     0  startup_stm32f10x_md.o(.text)
    USART2_IRQHandler                        0x08000fcb   Thumb Code     0  startup_stm32f10x_md.o(.text)
    USART3_IRQHandler                        0x08000fcb   Thumb Code     0  startup_stm32f10x_md.o(.text)
    USBWakeUp_IRQHandler                     0x08000fcb   Thumb Code     0  startup_stm32f10x_md.o(.text)
    USB_HP_CAN1_TX_IRQHandler                0x08000fcb   Thumb Code     0  startup_stm32f10x_md.o(.text)
    USB_LP_CAN1_RX0_IRQHandler               0x08000fcb   Thumb Code     0  startup_stm32f10x_md.o(.text)
    WWDG_IRQHandler                          0x08000fcb   Thumb Code     0  startup_stm32f10x_md.o(.text)
    __user_initial_stackheap                 0x08000fcd   Thumb Code     0  startup_stm32f10x_md.o(.text)
    NMI_Handler                              0x08000ff1   Thumb Code     2  stm32f10x_it.o(.text)
    HardFault_Handler                        0x08000ff3   Thumb Code     4  stm32f10x_it.o(.text)
    MemManage_Handler                        0x08000ff7   Thumb Code     4  stm32f10x_it.o(.text)
    BusFault_Handler                         0x08000ffb   Thumb Code     4  stm32f10x_it.o(.text)
    UsageFault_Handler                       0x08000fff   Thumb Code     4  stm32f10x_it.o(.text)
    SVC_Handler                              0x08001003   Thumb Code     2  stm32f10x_it.o(.text)
    DebugMon_Handler                         0x08001005   Thumb Code     2  stm32f10x_it.o(.text)
    PendSV_Handler                           0x08001007   Thumb Code     2  stm32f10x_it.o(.text)
    SysTick_Handler                          0x08001009   Thumb Code     2  stm32f10x_it.o(.text)
    RCCINIT                                  0x0800100d   Thumb Code    36  main.o(.text)
    RCC_Configuration                        0x08001031   Thumb Code    88  main.o(.text)
    main                                     0x08001089   Thumb Code   102  main.o(.text)
    delay_init                               0x08001109   Thumb Code    40  delay.o(.text)
    delay_us                                 0x08001131   Thumb Code    72  delay.o(.text)
    delay_ms                                 0x08001179   Thumb Code    72  delay.o(.text)
    _sys_exit                                0x080011d1   Thumb Code     4  usart.o(.text)
    fputc                                    0x080011d5   Thumb Code    24  usart.o(.text)
    uart_init                                0x080011ed   Thumb Code   158  usart.o(.text)
    USART1_IRQHandler                        0x0800128b   Thumb Code   122  usart.o(.text)
    InitST7567_IO                            0x08001315   Thumb Code    64  st5767.o(.text)
    Delay_ms                                 0x08001355   Thumb Code    34  st5767.o(.text)
    Sets_DATA_PORT                           0x08001377   Thumb Code    28  st5767.o(.text)
    LcdSt7565_WriteCmd                       0x08001393   Thumb Code    76  st5767.o(.text)
    LcdSt7565_WriteData                      0x080013df   Thumb Code    76  st5767.o(.text)
    Lcd12864_Init                            0x0800142b   Thumb Code   148  st5767.o(.text)
    Lcd12864_ClearScreen                     0x080014bf   Thumb Code    56  st5767.o(.text)
    LCD12864_ClearScreen_                    0x080014f7   Thumb Code    60  st5767.o(.text)
    Lcd12864_Write16CnCHAR                   0x08001533   Thumb Code   220  st5767.o(.text)
    _delay_ms                                0x0800161d   Thumb Code    32  lcd12864.o(.text)
    write_command                            0x0800163d   Thumb Code   110  lcd12864.o(.text)
    write_data                               0x080016ab   Thumb Code   110  lcd12864.o(.text)
    LCD12864_command                         0x08001719   Thumb Code    12  lcd12864.o(.text)
    LCD12864_data                            0x08001725   Thumb Code    12  lcd12864.o(.text)
    InitLCD12864_IO                          0x08001765   Thumb Code    38  lcd12864.o(.text)
    LCD12864_init                            0x0800178b   Thumb Code   142  lcd12864.o(.text)
    st7565_set_brightness                    0x08001819   Thumb Code    20  lcd12864.o(.text)
    begin                                    0x0800182d   Thumb Code    28  lcd12864.o(.text)
    Full_display                             0x08001849   Thumb Code    60  lcd12864.o(.text)
    clear_display                            0x08001885   Thumb Code    60  lcd12864.o(.text)
    LCD_ClearScreen_                         0x080018c1   Thumb Code    64  lcd12864.o(.text)
    Lcd_WriteNumbChar                        0x08001901   Thumb Code   166  lcd12864.o(.text)
    Lcd_Write_ASCII_Char                     0x080019a7   Thumb Code   196  lcd12864.o(.text)
    Lcd_Write16CnChar                        0x08001a6b   Thumb Code   184  lcd12864.o(.text)
    GT20L16S1Y_LCD                           0x08001b23   Thumb Code   138  lcd12864.o(.text)
    LCD_Init                                 0x08001bad   Thumb Code    34  lcd12864.o(.text)
    KEY_Init                                 0x08001be5   Thumb Code    68  key.o(.text)
    keyscan                                  0x08001c29   Thumb Code   480  key.o(.text)
    Locate                                   0x08001e0d   Thumb Code    46  menu.o(.text)
    Run                                      0x08001e3b   Thumb Code    16  menu.o(.text)
    MENU                                     0x08001e4b   Thumb Code   410  menu.o(.text)
    Nop                                      0x08001fe5   Thumb Code     2  menu.o(.text)
    DS1302                                   0x08001fe7   Thumb Code   256  menu.o(.text)
    Temperature                              0x080020e7   Thumb Code   162  menu.o(.text)
    Calculator                               0x08002189   Thumb Code   552  menu.o(.text)
    DoSomething                              0x080023b1   Thumb Code     2  menu.o(.text)
    save                                     0x080023b3   Thumb Code     2  menu.o(.text)
    GameOver                                 0x080023b5   Thumb Code     2  menu.o(.text)
    DS18B20_IO_IN                            0x080023c1   Thumb Code    24  ds18b20.o(.text)
    DS18B20_IO_OUT                           0x080023d9   Thumb Code    24  ds18b20.o(.text)
    DS18B20_Rst                              0x080023f1   Thumb Code    36  ds18b20.o(.text)
    DS18B20_Check                            0x08002415   Thumb Code    90  ds18b20.o(.text)
    DS18B20_Read_Bit                         0x0800246f   Thumb Code    66  ds18b20.o(.text)
    DS18B20_Read_Byte                        0x080024b1   Thumb Code    34  ds18b20.o(.text)
    DS18B20_Write_Byte                       0x080024d3   Thumb Code    84  ds18b20.o(.text)
    DS18B20_Start                            0x08002527   Thumb Code    24  ds18b20.o(.text)
    DS18B20_Init                             0x0800253f   Thumb Code    62  ds18b20.o(.text)
    DS18B20_Get_Temp                         0x0800257d   Thumb Code   136  ds18b20.o(.text)
    DS1302_GPIOINIT                          0x08002615   Thumb Code    68  ds1302.o(.text)
    IOOUTINIT                                0x08002659   Thumb Code    32  ds1302.o(.text)
    IOININT                                  0x08002679   Thumb Code    32  ds1302.o(.text)
    readbusy                                 0x08002699   Thumb Code    52  ds1302.o(.text)
    lcdwrc                                   0x080026cd   Thumb Code   110  ds1302.o(.text)
    lcdwrc4bit                               0x0800273b   Thumb Code   174  ds1302.o(.text)
    lcdwrd                                   0x080027e9   Thumb Code   182  ds1302.o(.text)
    lcdinit                                  0x0800289f   Thumb Code    82  ds1302.o(.text)
    ds1302writebyte                          0x080028f1   Thumb Code   102  ds1302.o(.text)
    ds1302writebytes                         0x08002957   Thumb Code    68  ds1302.o(.text)
    ds1302readbyte                           0x0800299b   Thumb Code    90  ds1302.o(.text)
    ds1302readbytes                          0x080029f5   Thumb Code   116  ds1302.o(.text)
    settime                                  0x08002a69   Thumb Code    44  ds1302.o(.text)
    readtime                                 0x08002a95   Thumb Code   124  ds1302.o(.text)
    display                                  0x08002b11   Thumb Code   334  ds1302.o(.text)
    __use_no_semihosting                     0x08002cad   Thumb Code     2  use_no_semi_2.o(.text)
    __2printf                                0x08002cb1   Thumb Code    20  noretval__2printf.o(.text)
    __2sprintf                               0x08002cc9   Thumb Code    34  noretval__2sprintf.o(.text)
    __printf                                 0x08002cf1   Thumb Code   104  __printf.o(.text)
    _printf_int_dec                          0x08002d59   Thumb Code   100  _printf_dec.o(.text)
    _printf_int_hex                          0x08002dcd   Thumb Code    84  _printf_hex_int.o(.text)
    _printf_longlong_hex                     0x08002dcd   Thumb Code     0  _printf_hex_int.o(.text)
    strlen                                   0x08002e25   Thumb Code    62  strlen.o(.text)
    __aeabi_memclr4                          0x08002e63   Thumb Code     0  rt_memclr_w.o(.text)
    __aeabi_memclr8                          0x08002e63   Thumb Code     0  rt_memclr_w.o(.text)
    __rt_memclr_w                            0x08002e63   Thumb Code    78  rt_memclr_w.o(.text)
    _memset_w                                0x08002e67   Thumb Code     0  rt_memclr_w.o(.text)
    __use_two_region_memory                  0x08002eb1   Thumb Code     2  heapauxi.o(.text)
    __rt_heap_escrow$2region                 0x08002eb3   Thumb Code     2  heapauxi.o(.text)
    __rt_heap_expand$2region                 0x08002eb5   Thumb Code     2  heapauxi.o(.text)
    __I$use$semihosting                      0x08002eb7   Thumb Code     0  use_no_semi.o(.text)
    __use_no_semihosting_swi                 0x08002eb7   Thumb Code     2  use_no_semi.o(.text)
    _printf_int_common                       0x08002eb9   Thumb Code   178  _printf_intcommon.o(.text)
    __lib_sel_fp_printf                      0x08002f6b   Thumb Code     2  _printf_fp_dec.o(.text)
    _printf_fp_dec_real                      0x08003119   Thumb Code   616  _printf_fp_dec.o(.text)
    _printf_char_common                      0x0800338b   Thumb Code    32  _printf_char_common.o(.text)
    _sputc                                   0x080033b1   Thumb Code    10  _sputc.o(.text)
    _printf_char_file                        0x080033bd   Thumb Code    32  _printf_char_file.o(.text)
    __rt_locale                              0x080033e1   Thumb Code     8  rt_locale_intlibspace.o(.text)
    _ll_udiv10                               0x080033e9   Thumb Code   138  lludiv10.o(.text)
    _printf_fp_infnan                        0x08003475   Thumb Code   112  _printf_fp_infnan.o(.text)
    _btod_etento                             0x080034f5   Thumb Code   212  bigflt0.o(.text)
    ferror                                   0x080035cd   Thumb Code     8  ferror.o(.text)
    __user_libspace                          0x080035d5   Thumb Code     8  libspace.o(.text)
    __user_perproc_libspace                  0x080035d5   Thumb Code     0  libspace.o(.text)
    __user_perthread_libspace                0x080035d5   Thumb Code     0  libspace.o(.text)
    __user_setup_stackheap                   0x080035dd   Thumb Code    74  sys_stackheap_outer.o(.text)
    exit                                     0x08003627   Thumb Code    12  exit.o(.text)
    strcmp                                   0x08003635   Thumb Code   128  strcmpv7m.o(.text)
    _btod_d2e                                0x080036b5   Thumb Code    62  btod.o(CL$$btod_d2e)
    _d2e_denorm_low                          0x080036f3   Thumb Code    70  btod.o(CL$$btod_d2e_denorm_low)
    _d2e_norm_op1                            0x08003739   Thumb Code    96  btod.o(CL$$btod_d2e_norm_op1)
    __btod_div_common                        0x08003799   Thumb Code   696  btod.o(CL$$btod_div_common)
    _e2e                                     0x08003ad1   Thumb Code   198  btod.o(CL$$btod_e2e)
    _btod_ediv                               0x08003b97   Thumb Code    40  btod.o(CL$$btod_ediv)
    _btod_emul                               0x08003bbf   Thumb Code    40  btod.o(CL$$btod_emul)
    __btod_mult_common                       0x08003be7   Thumb Code   580  btod.o(CL$$btod_mult_common)
    __ARM_fpclassify                         0x08003e2b   Thumb Code    40  fpclassify.o(i.__ARM_fpclassify)
    _get_lc_numeric                          0x08003e55   Thumb Code    44  lc_numeric_c.o(locale$$code)
    __aeabi_d2iz                             0x08003e81   Thumb Code     0  dfix.o(x$fpl$dfix)
    _dfix                                    0x08003e81   Thumb Code    94  dfix.o(x$fpl$dfix)
    __aeabi_dmul                             0x08003ee1   Thumb Code     0  dmul.o(x$fpl$dmul)
    _dmul                                    0x08003ee1   Thumb Code   332  dmul.o(x$fpl$dmul)
    __fpl_dnaninf                            0x08004035   Thumb Code   156  dnaninf.o(x$fpl$dnaninf)
    __fpl_dretinf                            0x080040d1   Thumb Code    12  dretinf.o(x$fpl$dretinf)
    __aeabi_f2d                              0x080040dd   Thumb Code     0  f2d.o(x$fpl$f2d)
    _f2d                                     0x080040dd   Thumb Code    86  f2d.o(x$fpl$f2d)
    __aeabi_fdiv                             0x08004135   Thumb Code     0  fdiv.o(x$fpl$fdiv)
    _fdiv                                    0x08004135   Thumb Code   384  fdiv.o(x$fpl$fdiv)
    __aeabi_i2f                              0x080042b9   Thumb Code     0  fflt_clz.o(x$fpl$fflt)
    _fflt                                    0x080042b9   Thumb Code    48  fflt_clz.o(x$fpl$fflt)
    __fpl_fnaninf                            0x080042e9   Thumb Code   140  fnaninf.o(x$fpl$fnaninf)
    __fpl_fretinf                            0x08004375   Thumb Code    10  fretinf.o(x$fpl$fretinf)
    _printf_fp_dec                           0x0800437f   Thumb Code     4  printf1.o(x$fpl$printf1)
    __I$use$fp                               0x08004382   Number         0  usenofp.o(x$fpl$usenofp)
    Region$$Table$$Base                      0x080044d8   Number         0  anon$$obj.o(Region$$Table)
    Region$$Table$$Limit                     0x080044f8   Number         0  anon$$obj.o(Region$$Table)
    SystemCoreClock                          0x20000000   Data           4  system_stm32f10x.o(.data)
    AHBPrescTable                            0x20000004   Data          16  system_stm32f10x.o(.data)
    __stdout                                 0x20000030   Data           4  usart.o(.data)
    USART_RX_STA                             0x20000034   Data           2  usart.o(.data)
    CN16CHAR                                 0x20000036   Data        1258  st5767.o(.data)
    pagemap                                  0x20000520   Data           8  lcd12864.o(.data)
    Numb_Char                                0x20000528   Data         204  lcd12864.o(.data)
    ASCII_Char                               0x200005f4   Data         442  lcd12864.o(.data)
    manyou                                   0x200007b4   Data           4  menu.o(.data)
    menuid                                   0x200007b8   Data           3  menu.o(.data)
    m0_main                                  0x200007bc   Data          96  menu.o(.data)
    m1_file                                  0x2000081c   Data         120  menu.o(.data)
    language                                 0x20000894   Data           1  menu.o(.data)
    i                                        0x20000895   Data           1  menu.o(.data)
    num                                      0x20000896   Data          11  ds1302.o(.data)
    time                                     0x200008a1   Data           7  ds1302.o(.data)
    w                                        0x200008a8   Data           7  ds1302.o(.data)
    r                                        0x200008af   Data           7  ds1302.o(.data)
    miao                                     0x200008b6   Data           1  ds1302.o(.data)
    fen                                      0x200008b7   Data           1  ds1302.o(.data)
    shi                                      0x200008b8   Data           1  ds1302.o(.data)
    zhou                                     0x200008b9   Data           1  ds1302.o(.data)
    ri                                       0x200008ba   Data           1  ds1302.o(.data)
    yue                                      0x200008bb   Data           1  ds1302.o(.data)
    nian                                     0x200008bc   Data           1  ds1302.o(.data)
    USART_RX_BUF                             0x200008c0   Data         200  usart.o(.bss)
    DisPlay                                  0x20000988   Data          72  menu.o(.bss)
    str                                      0x200009d0   Data          32  menu.o(.bss)
    __libspace_start                         0x200009f0   Data          96  libspace.o(.bss)
    __temporary_stack_top$libspace           0x20000a50   Data           0  libspace.o(.bss)



==============================================================================

Memory Map of the image

  Image Entry point : 0x080000ed

  Load Region LR_IROM1 (Base: 0x08000000, Size: 0x00004dd4, Max: 0x00010000, ABSOLUTE, COMPRESSED[0x00004b58])

    Execution Region ER_IROM1 (Base: 0x08000000, Size: 0x00004514, Max: 0x00010000, ABSOLUTE)

    Base Addr    Size         Type   Attr      Idx    E Section Name        Object

    0x08000000   0x000000ec   Data   RO          123    RESET               startup_stm32f10x_md.o
    0x080000ec   0x00000008   Code   RO          436  * !!!main             c_w.l(__main.o)
    0x080000f4   0x00000034   Code   RO          679    !!!scatter          c_w.l(__scatter.o)
    0x08000128   0x0000005a   Code   RO          677    !!dczerorl2         c_w.l(__dczerorl2.o)
    0x08000182   0x00000002   PAD
    0x08000184   0x0000001c   Code   RO          681    !!handler_zi        c_w.l(__scatter_zi.o)
    0x080001a0   0x00000000   Code   RO          429    .ARM.Collect$$_printf_percent$$00000000  c_w.l(_printf_percent.o)
    0x080001a0   0x00000006   Code   RO          428    .ARM.Collect$$_printf_percent$$00000003  c_w.l(_printf_f.o)
    0x080001a6   0x00000006   Code   RO          427    .ARM.Collect$$_printf_percent$$00000009  c_w.l(_printf_d.o)
    0x080001ac   0x00000006   Code   RO          426    .ARM.Collect$$_printf_percent$$0000000C  c_w.l(_printf_x.o)
    0x080001b2   0x00000004   Code   RO          471    .ARM.Collect$$_printf_percent$$00000017  c_w.l(_printf_percent_end.o)
    0x080001b6   0x00000002   Code   RO          557    .ARM.Collect$$libinit$$00000000  c_w.l(libinit.o)
    0x080001b8   0x00000000   Code   RO          559    .ARM.Collect$$libinit$$00000002  c_w.l(libinit2.o)
    0x080001b8   0x00000000   Code   RO          562    .ARM.Collect$$libinit$$00000008  c_w.l(libinit2.o)
    0x080001b8   0x00000000   Code   RO          564    .ARM.Collect$$libinit$$0000000A  c_w.l(libinit2.o)
    0x080001b8   0x00000000   Code   RO          566    .ARM.Collect$$libinit$$0000000C  c_w.l(libinit2.o)
    0x080001b8   0x00000006   Code   RO          567    .ARM.Collect$$libinit$$0000000D  c_w.l(libinit2.o)
    0x080001be   0x00000000   Code   RO          569    .ARM.Collect$$libinit$$0000000F  c_w.l(libinit2.o)
    0x080001be   0x00000000   Code   RO          571    .ARM.Collect$$libinit$$00000011  c_w.l(libinit2.o)
    0x080001be   0x00000000   Code   RO          573    .ARM.Collect$$libinit$$00000013  c_w.l(libinit2.o)
    0x080001be   0x0000000a   Code   RO          574    .ARM.Collect$$libinit$$00000014  c_w.l(libinit2.o)
    0x080001c8   0x00000000   Code   RO          575    .ARM.Collect$$libinit$$00000015  c_w.l(libinit2.o)
    0x080001c8   0x00000000   Code   RO          577    .ARM.Collect$$libinit$$00000017  c_w.l(libinit2.o)
    0x080001c8   0x00000000   Code   RO          579    .ARM.Collect$$libinit$$00000019  c_w.l(libinit2.o)
    0x080001c8   0x00000000   Code   RO          581    .ARM.Collect$$libinit$$0000001B  c_w.l(libinit2.o)
    0x080001c8   0x00000000   Code   RO          583    .ARM.Collect$$libinit$$0000001D  c_w.l(libinit2.o)
    0x080001c8   0x00000000   Code   RO          585    .ARM.Collect$$libinit$$0000001F  c_w.l(libinit2.o)
    0x080001c8   0x00000000   Code   RO          587    .ARM.Collect$$libinit$$00000021  c_w.l(libinit2.o)
    0x080001c8   0x00000000   Code   RO          589    .ARM.Collect$$libinit$$00000023  c_w.l(libinit2.o)
    0x080001c8   0x00000000   Code   RO          593    .ARM.Collect$$libinit$$0000002A  c_w.l(libinit2.o)
    0x080001c8   0x00000000   Code   RO          595    .ARM.Collect$$libinit$$0000002C  c_w.l(libinit2.o)
    0x080001c8   0x00000000   Code   RO          597    .ARM.Collect$$libinit$$0000002E  c_w.l(libinit2.o)
    0x080001c8   0x00000000   Code   RO          599    .ARM.Collect$$libinit$$00000030  c_w.l(libinit2.o)
    0x080001c8   0x00000002   Code   RO          600    .ARM.Collect$$libinit$$00000031  c_w.l(libinit2.o)
    0x080001ca   0x00000002   Code   RO          628    .ARM.Collect$$libshutdown$$00000000  c_w.l(libshutdown.o)
    0x080001cc   0x00000000   Code   RO          638    .ARM.Collect$$libshutdown$$00000003  c_w.l(libshutdown2.o)
    0x080001cc   0x00000000   Code   RO          641    .ARM.Collect$$libshutdown$$00000006  c_w.l(libshutdown2.o)
    0x080001cc   0x00000000   Code   RO          644    .ARM.Collect$$libshutdown$$00000009  c_w.l(libshutdown2.o)
    0x080001cc   0x00000000   Code   RO          646    .ARM.Collect$$libshutdown$$0000000B  c_w.l(libshutdown2.o)
    0x080001cc   0x00000000   Code   RO          649    .ARM.Collect$$libshutdown$$0000000E  c_w.l(libshutdown2.o)
    0x080001cc   0x00000002   Code   RO          650    .ARM.Collect$$libshutdown$$0000000F  c_w.l(libshutdown2.o)
    0x080001ce   0x00000000   Code   RO          460    .ARM.Collect$$rtentry$$00000000  c_w.l(rtentry.o)
    0x080001ce   0x00000000   Code   RO          482    .ARM.Collect$$rtentry$$00000002  c_w.l(rtentry2.o)
    0x080001ce   0x00000006   Code   RO          494    .ARM.Collect$$rtentry$$00000004  c_w.l(rtentry4.o)
    0x080001d4   0x00000000   Code   RO          484    .ARM.Collect$$rtentry$$00000009  c_w.l(rtentry2.o)
    0x080001d4   0x00000004   Code   RO          485    .ARM.Collect$$rtentry$$0000000A  c_w.l(rtentry2.o)
    0x080001d8   0x00000000   Code   RO          487    .ARM.Collect$$rtentry$$0000000C  c_w.l(rtentry2.o)
    0x080001d8   0x00000008   Code   RO          488    .ARM.Collect$$rtentry$$0000000D  c_w.l(rtentry2.o)
    0x080001e0   0x00000002   Code   RO          601    .ARM.Collect$$rtexit$$00000000  c_w.l(rtexit.o)
    0x080001e2   0x00000000   Code   RO          608    .ARM.Collect$$rtexit$$00000002  c_w.l(rtexit2.o)
    0x080001e2   0x00000004   Code   RO          609    .ARM.Collect$$rtexit$$00000003  c_w.l(rtexit2.o)
    0x080001e6   0x00000006   Code   RO          610    .ARM.Collect$$rtexit$$00000004  c_w.l(rtexit2.o)
    0x080001ec   0x000001e0   Code   RO            1    .text               system_stm32f10x.o
    0x080003cc   0x000000dc   Code   RO           57    .text               misc.o
    0x080004a8   0x000003a4   Code   RO           83    .text               stm32f10x_rcc.o
    0x0800084c   0x0000035c   Code   RO           97    .text               stm32f10x_gpio.o
    0x08000ba8   0x00000408   Code   RO          109    .text               stm32f10x_usart.o
    0x08000fb0   0x00000040   Code   RO          124    .text               startup_stm32f10x_md.o
    0x08000ff0   0x0000001a   Code   RO          128    .text               stm32f10x_it.o
    0x0800100a   0x00000002   PAD
    0x0800100c   0x000000fc   Code   RO          143    .text               main.o
    0x08001108   0x000000c8   Code   RO          194    .text               delay.o
    0x080011d0   0x00000144   Code   RO          226    .text               usart.o
    0x08001314   0x00000308   Code   RO          249    .text               st5767.o
    0x0800161c   0x000005c8   Code   RO          267    .text               lcd12864.o
    0x08001be4   0x00000228   Code   RO          292    .text               key.o
    0x08001e0c   0x000005b4   Code   RO          307    .text               menu.o
    0x080023c0   0x00000254   Code   RO          333    .text               ds18b20.o
    0x08002614   0x00000698   Code   RO          351    .text               ds1302.o
    0x08002cac   0x00000002   Code   RO          371    .text               c_w.l(use_no_semi_2.o)
    0x08002cae   0x00000002   PAD
    0x08002cb0   0x00000018   Code   RO          377    .text               c_w.l(noretval__2printf.o)
    0x08002cc8   0x00000028   Code   RO          379    .text               c_w.l(noretval__2sprintf.o)
    0x08002cf0   0x00000068   Code   RO          381    .text               c_w.l(__printf.o)
    0x08002d58   0x00000074   Code   RO          383    .text               c_w.l(_printf_dec.o)
    0x08002dcc   0x00000058   Code   RO          388    .text               c_w.l(_printf_hex_int.o)
    0x08002e24   0x0000003e   Code   RO          430    .text               c_w.l(strlen.o)
    0x08002e62   0x0000004e   Code   RO          432    .text               c_w.l(rt_memclr_w.o)
    0x08002eb0   0x00000006   Code   RO          434    .text               c_w.l(heapauxi.o)
    0x08002eb6   0x00000002   Code   RO          458    .text               c_w.l(use_no_semi.o)
    0x08002eb8   0x000000b2   Code   RO          461    .text               c_w.l(_printf_intcommon.o)
    0x08002f6a   0x00000416   Code   RO          463    .text               c_w.l(_printf_fp_dec.o)
    0x08003380   0x00000030   Code   RO          465    .text               c_w.l(_printf_char_common.o)
    0x080033b0   0x0000000a   Code   RO          467    .text               c_w.l(_sputc.o)
    0x080033ba   0x00000002   PAD
    0x080033bc   0x00000024   Code   RO          469    .text               c_w.l(_printf_char_file.o)
    0x080033e0   0x00000008   Code   RO          499    .text               c_w.l(rt_locale_intlibspace.o)
    0x080033e8   0x0000008a   Code   RO          501    .text               c_w.l(lludiv10.o)
    0x08003472   0x00000002   PAD
    0x08003474   0x00000080   Code   RO          503    .text               c_w.l(_printf_fp_infnan.o)
    0x080034f4   0x000000d8   Code   RO          507    .text               c_w.l(bigflt0.o)
    0x080035cc   0x00000008   Code   RO          532    .text               c_w.l(ferror.o)
    0x080035d4   0x00000008   Code   RO          543    .text               c_w.l(libspace.o)
    0x080035dc   0x0000004a   Code   RO          546    .text               c_w.l(sys_stackheap_outer.o)
    0x08003626   0x0000000c   Code   RO          548    .text               c_w.l(exit.o)
    0x08003632   0x00000002   PAD
    0x08003634   0x00000080   Code   RO          550    .text               c_w.l(strcmpv7m.o)
    0x080036b4   0x0000003e   Code   RO          510    CL$$btod_d2e        c_w.l(btod.o)
    0x080036f2   0x00000046   Code   RO          512    CL$$btod_d2e_denorm_low  c_w.l(btod.o)
    0x08003738   0x00000060   Code   RO          511    CL$$btod_d2e_norm_op1  c_w.l(btod.o)
    0x08003798   0x00000338   Code   RO          520    CL$$btod_div_common  c_w.l(btod.o)
    0x08003ad0   0x000000c6   Code   RO          517    CL$$btod_e2e        c_w.l(btod.o)
    0x08003b96   0x00000028   Code   RO          514    CL$$btod_ediv       c_w.l(btod.o)
    0x08003bbe   0x00000028   Code   RO          513    CL$$btod_emul       c_w.l(btod.o)
    0x08003be6   0x00000244   Code   RO          519    CL$$btod_mult_common  c_w.l(btod.o)
    0x08003e2a   0x00000028   Code   RO          541    i.__ARM_fpclassify  m_ws.l(fpclassify.o)
    0x08003e52   0x00000002   PAD
    0x08003e54   0x0000002c   Code   RO          537    locale$$code        c_w.l(lc_numeric_c.o)
    0x08003e80   0x0000005e   Code   RO          438    x$fpl$dfix          fz_ws.l(dfix.o)
    0x08003ede   0x00000002   PAD
    0x08003ee0   0x00000154   Code   RO          442    x$fpl$dmul          fz_ws.l(dmul.o)
    0x08004034   0x0000009c   Code   RO          472    x$fpl$dnaninf       fz_ws.l(dnaninf.o)
    0x080040d0   0x0000000c   Code   RO          474    x$fpl$dretinf       fz_ws.l(dretinf.o)
    0x080040dc   0x00000056   Code   RO          444    x$fpl$f2d           fz_ws.l(f2d.o)
    0x08004132   0x00000002   PAD
    0x08004134   0x00000184   Code   RO          447    x$fpl$fdiv          fz_ws.l(fdiv.o)
    0x080042b8   0x00000030   Code   RO          451    x$fpl$fflt          fz_ws.l(fflt_clz.o)
    0x080042e8   0x0000008c   Code   RO          476    x$fpl$fnaninf       fz_ws.l(fnaninf.o)
    0x08004374   0x0000000a   Code   RO          478    x$fpl$fretinf       fz_ws.l(fretinf.o)
    0x0800437e   0x00000004   Code   RO          456    x$fpl$printf1       fz_ws.l(printf1.o)
    0x08004382   0x00000000   Code   RO          480    x$fpl$usenofp       fz_ws.l(usenofp.o)
    0x08004382   0x00000028   Data   RO          389    .constdata          c_w.l(_printf_hex_int.o)
    0x080043aa   0x00000002   PAD
    0x080043ac   0x00000094   Data   RO          508    .constdata          c_w.l(bigflt0.o)
    0x08004440   0x00000097   Data   RO          309    .conststring        menu.o
    0x080044d7   0x00000001   PAD
    0x080044d8   0x00000020   Data   RO          675    Region$$Table       anon$$obj.o
    0x080044f8   0x0000001c   Data   RO          536    locale$$data        c_w.l(lc_numeric_c.o)


    Execution Region RW_IRAM1 (Base: 0x20000000, Size: 0x00001050, Max: 0x00005000, ABSOLUTE, COMPRESSED[0x00000644])

    Base Addr    Size         Type   Attr      Idx    E Section Name        Object

    0x20000000   0x00000014   Data   RW            2    .data               system_stm32f10x.o
    0x20000014   0x00000014   Data   RW           84    .data               stm32f10x_rcc.o
    0x20000028   0x00000008   Data   RW          195    .data               delay.o
    0x20000030   0x00000006   Data   RW          228    .data               usart.o
    0x20000036   0x000004ea   Data   RW          250    .data               st5767.o
    0x20000520   0x00000292   Data   RW          268    .data               lcd12864.o
    0x200007b2   0x00000002   PAD
    0x200007b4   0x000000e2   Data   RW          310    .data               menu.o
    0x20000896   0x00000027   Data   RW          352    .data               ds1302.o
    0x200008bd   0x00000003   PAD
    0x200008c0   0x000000c8   Zero   RW          227    .bss                usart.o
    0x20000988   0x00000068   Zero   RW          308    .bss                menu.o
    0x200009f0   0x00000060   Zero   RW          544    .bss                c_w.l(libspace.o)
    0x20000a50   0x00000200   Zero   RW          122    HEAP                startup_stm32f10x_md.o
    0x20000c50   0x00000400   Zero   RW          121    STACK               startup_stm32f10x_md.o


==============================================================================

Image component sizes


      Code (inc. data)   RO Data    RW Data    ZI Data      Debug   Object Name

         0          0          0          0          0         32   core_cm3.o
       200         16          0          8          0        991   delay.o
      1688         92          0         39          0       4032   ds1302.o
       596         16          0          0          0       2419   ds18b20.o
       552          4          0          0          0       1107   key.o
      1480         50          0        658          0       7358   lcd12864.o
       252         26          0          0          0        869   main.o
      1460        102        151        226        104       3749   menu.o
       220         22          0          0          0     205077   misc.o
       776         14          0       1258          0       4178   st5767.o
        64         26        236          0       1536        776   startup_stm32f10x_md.o
       860         38          0          0          0       5589   stm32f10x_gpio.o
        26          0          0          0          0       1190   stm32f10x_it.o
       932         36          0         20          0       8736   stm32f10x_rcc.o
      1032         22          0          0          0       8312   stm32f10x_usart.o
       480         38          0         20          0      29067   system_stm32f10x.o
       324         16          0          6        200       3046   usart.o

    ----------------------------------------------------------------------
     10944        518        420       2240       1840     286528   Object Totals
         0          0         32          0          0          0   (incl. Generated)
         2          0          1          5          0          0   (incl. Padding)

    ----------------------------------------------------------------------

      Code (inc. data)   RO Data    RW Data    ZI Data      Debug   Library Member Name

        90          0          0          0          0          0   __dczerorl2.o
         8          0          0          0          0         68   __main.o
       104          0          0          0          0         84   __printf.o
        52          8          0          0          0          0   __scatter.o
        28          0          0          0          0          0   __scatter_zi.o
        48          6          0          0          0         96   _printf_char_common.o
        36          4          0          0          0         80   _printf_char_file.o
         6          0          0          0          0          0   _printf_d.o
       116         16          0          0          0         92   _printf_dec.o
         6          0          0          0          0          0   _printf_f.o
      1046          0          0          0          0        216   _printf_fp_dec.o
       128         16          0          0          0         84   _printf_fp_infnan.o
        88          4         40          0          0         88   _printf_hex_int.o
       178          0          0          0          0         88   _printf_intcommon.o
         0          0          0          0          0          0   _printf_percent.o
         4          0          0          0          0          0   _printf_percent_end.o
         6          0          0          0          0          0   _printf_x.o
        10          0          0          0          0         68   _sputc.o
       216          4        148          0          0         96   bigflt0.o
      1910        128          0          0          0        672   btod.o
        12          0          0          0          0         72   exit.o
         8          0          0          0          0         68   ferror.o
         6          0          0          0          0        152   heapauxi.o
        44         10         28          0          0         76   lc_numeric_c.o
         2          0          0          0          0          0   libinit.o
        18          0          0          0          0          0   libinit2.o
         2          0          0          0          0          0   libshutdown.o
         2          0          0          0          0          0   libshutdown2.o
         8          4          0          0         96         68   libspace.o
       138          0          0          0          0         80   lludiv10.o
        24          4          0          0          0         84   noretval__2printf.o
        40          6          0          0          0         84   noretval__2sprintf.o
         8          4          0          0          0         68   rt_locale_intlibspace.o
        78          0          0          0          0         80   rt_memclr_w.o
         0          0          0          0          0          0   rtentry.o
        12          0          0          0          0          0   rtentry2.o
         6          0          0          0          0          0   rtentry4.o
         2          0          0          0          0          0   rtexit.o
        10          0          0          0          0          0   rtexit2.o
       128          0          0          0          0         68   strcmpv7m.o
        62          0          0          0          0         76   strlen.o
        74          0          0          0          0         80   sys_stackheap_outer.o
         2          0          0          0          0         68   use_no_semi.o
         2          0          0          0          0         68   use_no_semi_2.o
        94          4          0          0          0         92   dfix.o
       340         12          0          0          0        104   dmul.o
       156          4          0          0          0         92   dnaninf.o
        12          0          0          0          0         68   dretinf.o
        86          4          0          0          0         84   f2d.o
       388         76          0          0          0         96   fdiv.o
        48          0          0          0          0         68   fflt_clz.o
       140          4          0          0          0         84   fnaninf.o
        10          0          0          0          0         68   fretinf.o
         4          0          0          0          0         68   printf1.o
         0          0          0          0          0          0   usenofp.o
        40          0          0          0          0         68   fpclassify.o

    ----------------------------------------------------------------------
      6102        318        218          0         96       3816   Library Totals
        16          0          2          0          0          0   (incl. Padding)

    ----------------------------------------------------------------------

      Code (inc. data)   RO Data    RW Data    ZI Data      Debug   Library Name

      4768        214        216          0         96       2924   c_w.l
      1278        104          0          0          0        824   fz_ws.l
        40          0          0          0          0         68   m_ws.l

    ----------------------------------------------------------------------
      6102        318        218          0         96       3816   Library Totals

    ----------------------------------------------------------------------

==============================================================================


      Code (inc. data)   RO Data    RW Data    ZI Data      Debug   

     17046        836        638       2240       1936     287064   Grand Totals
     17046        836        638       1604       1936     287064   ELF Image Totals (compressed)
     17046        836        638       1604          0          0   ROM Totals

==============================================================================

    Total RO  Size (Code + RO Data)                17684 (  17.27kB)
    Total RW  Size (RW Data + ZI Data)              4176 (   4.08kB)
    Total ROM Size (Code + RO Data + RW Data)      19288 (  18.84kB)

==============================================================================

