<html>
<body>
<pre>
<h1>µVision Build Log</h1>
<h2>Project:</h2>
K:\GITHUB\SMT32\GIT\25-12864LCDœ‘ æ\project.uvproj
Project File Date:  06/29/2018

<h2>Output:</h2>
Build target 'project'
compiling system_stm32f10x.c...
compiling core_cm3.c...
compiling misc.c...
compiling stm32f10x_rcc.c...
compiling stm32f10x_gpio.c...
compiling stm32f10x_usart.c...
assembling startup_stm32f10x_md.s...
compiling stm32f10x_it.c...
compiling main.c...
compiling Delay.c...
compiling sys.c...
compiling usart.c...
compiling ST5767.c...
compiling LCD12864.c...
compiling key.c...
compiling MENU.c...
Device\MENU\MENU.c(201): warning:  #177-D: variable "Dis" was declared but never referenced
        int Dis = 0;    
Device\MENU\MENU.c: 1 warning, 0 errors
compiling DS18B20.c...
Device\DS18B20\DS18B20.c(8): warning:  #61-D: integer operation result is out of range
        GPIOA->CRH|=8<<28;
Device\DS18B20\DS18B20.c(8): warning:  #68-D: integer conversion resulted in a change of sign
        GPIOA->CRH|=8<<28;
Device\DS18B20\DS18B20.c: 2 warnings, 0 errors
compiling DS1302.c...
linking...
Program Size: Code=17038 RO-data=638 RW-data=2240 ZI-data=1936  
FromELF: creating hex file...
".\Obj\project.axf" - 0 Error(s), 3 Warning(s).
</pre>
</body>
</html>
